Archive member included because of file (symbol)

library/liboem/sun50iw10p1/libar100s.a(obj-in.o)
                              driver/obj-in.o (ccu_get_sclk_freq)

Allocating common symbols
Common symbol       size              file

little_endian_used  0x4               library/liboem/sun50iw10p1/libar100s.a(obj-in.o)
wakeup_source       0x4               service/obj-in.o
pintc_regs          0x4               driver/obj-in.o
ccu_pll_periph1_reg_addr
                    0x4               library/liboem/sun50iw10p1/libar100s.a(obj-in.o)
before_crc          0x4               service/obj-in.o
after_crc           0x4               service/obj-in.o
pwatchdog_regs      0x4               driver/obj-in.o
debugger_buffer     0x80              system/obj-in.o
ccu_pll_ddr0_reg_addr
                    0x4               library/liboem/sun50iw10p1/libar100s.a(obj-in.o)
isr_table           0x128             driver/obj-in.o
apbs2_notifier_head
                    0x4               library/liboem/sun50iw10p1/libar100s.a(obj-in.o)
delay_timer         0x4               driver/obj-in.o
ccu_pll_periph0_reg_addr
                    0x4               library/liboem/sun50iw10p1/libar100s.a(obj-in.o)
ccu_pll_c0_cpux_reg_addr
                    0x4               library/liboem/sun50iw10p1/libar100s.a(obj-in.o)
ptimerc_regs        0x4               driver/obj-in.o
ccu_reg_addr        0x4               library/liboem/sun50iw10p1/libar100s.a(obj-in.o)

Memory Configuration

Name             Origin             Length             Attributes
vectors          0x00000000         0x00004000
paras            0x00004000         0x000000f0
ram              0x000040f0         0x0000ff10
dram             0x48100000         0x00040000
*default*        0x00000000         0xffffffff

Linker script and memory map

LOAD arch/obj-in.o
LOAD driver/obj-in.o
LOAD library/obj-in.o
LOAD service/obj-in.o
LOAD system/obj-in.o

.vectors        0x00000000      0xe08
 *(.vectors)
 .vectors       0x00000000      0xe08 library/liboem/sun50iw10p1/libar100s.a(obj-in.o)

dts_paras       0x00004000       0x88
                0x00004000                paras_start_addr = .
 *(dts_paras)
 dts_paras      0x00004000       0x88 system/obj-in.o
                0x00004000                arisc_para
                0x00004088                paras_end_addr = .

.text           0x000040f0     0xe444
 *arch*(.text)
 *driver*(.text)
 .text          0x000040f0     0x343c driver/obj-in.o
                0x000040f0                intc_init
                0x00004148                intc_exit
                0x00004170                intc_enable_interrupt
                0x00004220                intc_disable_interrupt
                0x000042b8                intc_interrupt_is_enabled
                0x0000432c                intc_get_current_interrupt
                0x00004354                intc_set_mask
                0x00004418                intc_set_group_config
                0x0000451c                isr_default
                0x0000454c                interrupt_init
                0x000045a0                interrupt_exit
                0x000045bc                interrupt_enable
                0x000045d4                interrupt_disable
                0x000045ec                interrupt_set_nmi_trigger
                0x00004614                interrupt_set_mask
                0x0000462c                interrupt_set_group_config
                0x00004644                install_isr
                0x00004674                uninstall_isr
                0x000046dc                interrupt_entry
                0x0000471c                interrupt_query_pending
                0x0000479c                interrupt_clear_pending
                0x00004800                interrupt_get_current_intno
                0x00004818                interrupt_get_enabled
                0x00004830                pin_init
                0x00004838                pin_exit
                0x00004840                pin_set_status
                0x00004848                pin_set_multi_sel
                0x000048c0                pin_set_pull
                0x00004938                pin_set_drive
                0x000049b0                pin_write_data
                0x00004a1c                pin_read_data
                0x00004a5c                is_wanted_gpio_int
                0x00004a90                pin_set_int_trigger_mode
                0x00004b1c                timer_hosc_onoff_cb
                0x00004c6c                timer_isr
                0x00004d28                timer_init
                0x00004e2c                timer_exit
                0x00004e84                timer_request
                0x00004f68                timer_release
                0x00004f90                timer_start
                0x00005064                timer_stop
                0x0000510c                time_mdelay
                0x000051c4                cnt64_udelay
                0x00005244                time_udelay
                0x000052dc                time_cdelay
                0x000052f4                uart_init
                0x000053f8                uart_exit
                0x00005470                uart_putc
                0x000054d4                uart_get
                0x0000553c                uart_puts
                0x000055c0                uart_set_baudrate
                0x000056f4                uart_clkchangecb
                0x00005798                uart_get_baudrate
                0x00005984                twi_clkchangecb
                0x000059f0                twi_init
                0x00005b08                twi_exit
                0x00005b10                twi_byte_rw
                0x000061b8                twi_read
                0x00006248                twi_write
                0x000062d8                is_twi_lock
                0x000062f0                twi_send_clk_9pulse
                0x000063d8                twi_get_status
                0x0000641c                twi_standby_init
                0x00006524                twi_standby_exit
                0x00006608                hwmsgbox_init
                0x000066c8                hwmsgbox_exit
                0x000066f8                hwmsgbox_wait_queue_not_full
                0x00006758                hwmsgbox_wait_queue_not_empty
                0x000067c0                hwmsgbox_send_message
                0x00006a3c                hwmsgbox_feedback_message
                0x00006b5c                hwmsgbox_query_message
                0x00006d28                hwmsgbox_super_standby_init
                0x00006d54                hwmsgbox_super_standby_exit
                0x00006f68                watchdog_reset
                0x00006fd0                pmu_shutdown
                0x00007068                pmu_reset
                0x00007108                pmu_charging_reset
                0x0000718c                pmu_set_voltage
                0x000071b4                pmu_get_voltage
                0x000071dc                pmu_set_voltage_state
                0x0000723c                pmu_get_voltage_state
                0x00007264                pmu_query_event
                0x0000726c                pmu_clear_pendings
                0x00007274                pmu_chip_init
                0x0000727c                pmu_reg_write
                0x00007298                pmu_reg_read
                0x000072b4                pmu_reg_write_para
                0x000072e4                pmu_reg_read_para
                0x00007314                nmi_int_handler
                0x00007354                pmu_init
                0x00007394                pmu_exit
                0x0000739c                is_pmu_exist
                0x000073ac                pmu_standby_init
                0x000073dc                pmu_standby_exit
                0x0000740c                watchdog_init
                0x00007488                watchdog_exit
                0x000074b0                watchdog_enable
                0x000074f0                watchdog_disable
 *library*(.text)
 .text          0x0000752c     0x25c0 library/obj-in.o
                0x0000752c                itoa
                0x0000765c                utoa
                0x0000774c                hexdump
                0x000077f4                hstr2int
                0x0000789c                dstr2int
                0x000078e4                strlen
                0x00007904                strnlen
                0x00007934                strcpy
                0x0000795c                strncat
                0x000079d4                strcmp
                0x00007a1c                strchr
                0x00007a50                memcpy
                0x00007b0c                memmove
                0x00007b98                memcmp
                0x00007bd4                memchr
                0x00007c14                memset
                0x00007c3c                sprintf
                0x00007d58                fdt_check_header
                0x00007e6c                fdt_offset_ptr
                0x00007f38                fdt_next_tag
                0x000080b4                _fdt_check_node_offset
                0x0000810c                _fdt_check_prop_offset
                0x00008164                fdt_next_node
                0x00008274                fdt_first_subnode
                0x000082bc                fdt_next_subnode
                0x0000832c                _fdt_find_string
                0x000083b4                fdt_move
                0x000085e0                fdt_string
                0x00008618                fdt_get_mem_rsv
                0x000086c0                fdt_num_mem_rsv
                0x00008720                fdt_subnode_offset_namelen
                0x00008850                fdt_subnode_offset
                0x000088a0                fdt_get_name
                0x00008948                fdt_first_property_offset
                0x0000898c                fdt_next_property_offset
                0x000089d0                fdt_get_property_by_offset
                0x00008a74                fdt_get_property_namelen
                0x00008ba0                fdt_get_property
                0x00008c00                fdt_getprop_namelen
                0x00008c2c                fdt_getprop_by_offset
                0x00008cb8                fdt_getprop
                0x00008d18                fdt_getprop_u32
                0x00008ddc                fdt_get_phandle
                0x00008e90                fdt_get_alias_namelen
                0x00008f0c                fdt_path_offset
                0x0000904c                fdt_get_alias
                0x0000908c                fdt_get_path
                0x00009258                fdt_supernode_atdepth_offset
                0x00009360                fdt_node_depth
                0x000093a4                fdt_parent_offset
                0x00009400                fdt_node_offset_by_prop_value
                0x000094dc                fdt_node_offset_by_phandle
                0x00009578                fdt_stringlist_contains
                0x00009628                fdt_stringlist_count
                0x000096b4                fdt_stringlist_search
                0x00009790                fdt_stringlist_get
                0x00009880                fdt_node_check_compatible
                0x000098e0                fdt_node_offset_by_compatible
                0x00009978                fdt_strerror
                0x000099e8                fdt_address_cells
                0x00009a6c                fdt_size_cells
 *system*(.text)
 .text          0x00009aec      0xc04 system/obj-in.o
                0x00009aec                notifier_init
                0x00009b30                notifier_exit
                0x00009b38                notifier_insert
                0x00009c04                notifier_delete
                0x00009c9c                notifier_notify
                0x00009cf8                message_valid
                0x00009d08                message_manager_init
                0x00009d10                message_manager_exit
                0x00009d18                message_coming_notify
                0x00009f3c                debugger_init
                0x00009f58                debugger_exit
                0x00009f60                debugger_putc
                0x00009f84                debugger_get
                0x00009f9c                debugger_puts
                0x00009fb8                debugger_printf
                0x0000a304                set_debug_level
                0x0000a358                daemon_register_service
                0x0000a378                startup_entry
                0x0000a6cc                arisc_para_init
                0x0000a6e8                set_paras
 *service*(.text)
 .text          0x0000a6f0     0x15c4 service/obj-in.o
                0x0000a6f0                standby_init
                0x0000a730                standby_exit
                0x0000a738                long_jump
                0x0000a754                standby_set_dram_crc_paras
                0x0000a780                standby_dram_crc_enable
                0x0000a790                standby_dram_crc
                0x0000a8d0                default_wakeup_handler
                0x0000a95c                wakeup_timer_init
                0x0000a9a8                wakeup_timer_start
                0x0000a9e4                wakeup_timer_stop
                0x0000aa00                set_wakeup_src
                0x0000ab3c                clear_wakeup_src
                0x0000ac18                is_suspend_lock
                0x0000ac28                cpu_op
                0x0000bb78                sys_op
 .text          0x0000bcb4     0x6880 library/liboem/sun50iw10p1/libar100s.a(obj-in.o)
                0x0000bcb4                icache_coherent
                0x0000bd70                cpu_init
                0x0000bda4                cpu_disable_int
                0x0000bdcc                cpu_enable_int
                0x0000bddc                exit
                0x0000bdfc                cpu_enter_doze
                0x0000c208                __udivsi3
                0x0000c304                __divsi3
                0x0000c368                __umodsi3
                0x0000c388                __modsi3
                0x0000c3e4                cpu_exception_handler_entry_c
                0x0000c558                start_softtimer
                0x0000c56c                stop_softtimer
                0x0000c58c                add_softtimer
                0x0000c5f0                current_time_tick
                0x0000c604                msec_to_ticks
                0x0000c638                time_ticks_init
                0x0000c7fc                is_old_cpureg_layout
                0x0000c840                cpucfg_init
                0x0000c87c                cpucfg_exit
                0x0000c8a4                cpucfg_set_little_endian_address
                0x0000c95c                cpucfg_remove_little_endian_address
                0x0000ca5c                cpucfg_set_cpu_reset_state
                0x0000caac                cpucfg_set_cpu_reset_state_ext
                0x0000cb04                cpucfg_counter_clear
                0x0000cb34                cpucfg_counter_read
                0x0000cb88                cpucfg_counter_ctrl
                0x0000cba0                cpucfg_set_cpux_jump_addr
                0x0000cbb8                cpucfg_acinactm_process
                0x0000cc04                cpucfg_wait_l2_enter_wfi
                0x0000cc28                cpucfg_l1l2_reset_by_hardware
                0x0000cc74                cpucfg_l1l2_reset_by_hardware_ext
                0x0000cd10                cpucfg_cluster0_process
                0x0000cd84                cpucfg_cluster0_process_ext
                0x0000ce78                cpucfg_cpu_suspend
                0x0000cfec                cpucfg_cpu_suspend_late
                0x0000d0fc                cpucfg_cpu_resume
                0x0000d17c                set_secondary_entry
                0x0000d1bc                sun50i_set_AA32nAA64
                0x0000d27c                cpucfg_cpu_resume_early
                0x0000d3f0                cpu_power_up
                0x0000d5e0                cpu_power_down
                0x0000e534                mctl_phy_dx0_bit_delay_compensation_standby
                0x00011454                dram_power_save_process
                0x000115cc                dram_power_up_process
                0x00011850                iosc_freq_init
                0x000119c8                ccu_init
                0x00011a84                ccu_exit
                0x00011a8c                save_state_flag
                0x00011aa0                read_state_flag
                0x00011ab4                ccu_set_mclk_onoff
                0x00011bfc                ccu_set_poweroff_gating_state
                0x00011dc0                ccu_set_poweroff_gating_state_ext
                0x00011f10                ccu_24mhosc_reg_cb
                0x00011f30                ccu_24mhosc_disable
                0x00011fd4                ccu_24mhosc_enable
                0x000120ac                is_hosc_lock
                0x000120bc                ccu_set_mclk_reset
                0x00012390                ccu_reset_module
                0x000123c8                ccu_get_sclk_freq
                0x00012488                ccu_set_sclk_onoff
                0x00012534                rodata_vma = ALIGN (0x4)

.rodata         0x00012534      0xdc0
 *arch*(.rodata.*)
 *driver*(.rodata.*)
 .rodata.str1.1
                0x00012534      0x250 driver/obj-in.o
 *library*(.rodata.*)
 .rodata.str1.1
                0x00012784      0x143 library/obj-in.o
                                0x14d (size before relaxing)
 *system*(.rodata.*)
 .rodata.str1.1
                0x000128c7      0x22d system/obj-in.o
                                0x22e (size before relaxing)
 *service*(.rodata.*)
 .rodata.str1.1
                0x00012af4      0x1f2 service/obj-in.o
                                0x1fc (size before relaxing)
 *(.rodata.*)
 .rodata.str1.1
                0x00012ce6      0x3ec library/liboem/sun50iw10p1/libar100s.a(obj-in.o)
 *fill*         0x000130d2        0x2 00
 .rodata        0x000130d4       0x6c library/obj-in.o
 .rodata        0x00013140       0x5c service/obj-in.o
 .rodata        0x0001319c      0x158 library/liboem/sun50iw10p1/libar100s.a(obj-in.o)
                0x000132f4                shbss_vma = ALIGN (0x4)

.shbss
 *(.shbss)
                0x000132f4                data_vma = ALIGN (0x4)

.data           0x000132f4      0x13c
 *(.data)
 .data          0x000132f4       0xdc driver/obj-in.o
                0x000132f4                timer_lock
                0x00013330                uart_lock
                0x00013334                aw1657_onoff_reg_bitmap
                0x000133bc                pmu_axp806_ops
                0x000133cc                axp_power_max
 .data          0x000133d0        0x0 library/obj-in.o
 .data          0x000133d0        0xc service/obj-in.o
                0x000133d0                dram_crc_src
                0x000133d4                dram_crc_len
 .data          0x000133dc        0x8 system/obj-in.o
                0x000133dc                debug_level
                0x000133e0                print_timeflg
 .data          0x000133e4       0x4c library/liboem/sun50iw10p1/libar100s.a(obj-in.o)
                0x000133e4                exception_strings
                0x00013424                soc_version_a
                0x00013428                iosc_freq
                0x0001342c                losc_freq

.bss            0x00013430      0x3ac
                0x00013430                bss_start_addr = ALIGN (0x8)
 *(.bss)
 .bss           0x00013430       0x14 driver/obj-in.o
                0x00013430                uart_pin_not_used
                0x00013438                twi_lock
 .bss           0x00013444        0x0 library/obj-in.o
 .bss           0x00013444       0xa8 service/obj-in.o
                0x00013444                dram_crc_enable
 .bss           0x000134ec       0xe4 system/obj-in.o
 .bss           0x000135d0       0x2c library/liboem/sun50iw10p1/libar100s.a(obj-in.o)
                0x000135f0                hosc_notifier_list
 *(COMMON)
 COMMON         0x000135fc      0x138 driver/obj-in.o
                0x000135fc                pintc_regs
                0x00013600                pwatchdog_regs
                0x00013604                isr_table
                0x0001372c                delay_timer
                0x00013730                ptimerc_regs
 COMMON         0x00013734        0xc service/obj-in.o
                0x00013734                wakeup_source
                0x00013738                before_crc
                0x0001373c                after_crc
 COMMON         0x00013740       0x80 system/obj-in.o
                0x00013740                debugger_buffer
 COMMON         0x000137c0       0x1c library/liboem/sun50iw10p1/libar100s.a(obj-in.o)
                0x000137c0                little_endian_used
                0x000137c4                ccu_pll_periph1_reg_addr
                0x000137c8                ccu_pll_ddr0_reg_addr
                0x000137cc                apbs2_notifier_head
                0x000137d0                ccu_pll_periph0_reg_addr
                0x000137d4                ccu_pll_c0_cpux_reg_addr
                0x000137d8                ccu_reg_addr
                0x000137e0                bss_end_addr = ALIGN (0x8)

.stack          0x000137dc      0x400
                0x000137e0                stack_limit_addr = ALIGN (0x8)
 *(.stack)
 .stack         0x000137dc      0x400 library/liboem/sun50iw10p1/libar100s.a(obj-in.o)
                0x00013be0                stack_base_addr = ALIGN (0x8)

.text5          0x48100000        0x4 load address 0x00014000
                0x48100000        0x4 LONG 0x0
LOAD library/liboem/sun50iw10p1/libar100s.a
OUTPUT(scp.elf elf32-or32)

.comment        0x00000000       0x51
 .comment       0x00000000       0x51 driver/obj-in.o
                                0x3d8 (size before relaxing)
 .comment       0x00000000      0x1ec library/obj-in.o
 .comment       0x00000000      0x148 service/obj-in.o
 .comment       0x00000000      0x19a system/obj-in.o
 .comment       0x00000000      0x334 library/liboem/sun50iw10p1/libar100s.a(obj-in.o)

.debug_aranges  0x00000000      0x4a0
 .debug_aranges
                0x00000000      0x180 driver/obj-in.o
 .debug_aranges
                0x00000180       0xc0 library/obj-in.o
 .debug_aranges
                0x00000240       0x80 service/obj-in.o
 .debug_aranges
                0x000002c0       0xa0 system/obj-in.o
 .debug_aranges
                0x00000360      0x140 library/liboem/sun50iw10p1/libar100s.a(obj-in.o)

.debug_pubnames
                0x00000000     0x19aa
 .debug_pubnames
                0x00000000      0x95e driver/obj-in.o
 .debug_pubnames
                0x0000095e      0x52a library/obj-in.o
 .debug_pubnames
                0x00000e88      0x1dd service/obj-in.o
 .debug_pubnames
                0x00001065      0x22e system/obj-in.o
 .debug_pubnames
                0x00001293      0x717 library/liboem/sun50iw10p1/libar100s.a(obj-in.o)

.debug_info     0x00000000     0xef9c
 .debug_info    0x00000000     0x3d48 driver/obj-in.o
 .debug_info    0x00003d48     0x2227 library/obj-in.o
 .debug_info    0x00005f6f     0x1748 service/obj-in.o
 .debug_info    0x000076b7     0x10f6 system/obj-in.o
 .debug_info    0x000087ad     0x67ef library/liboem/sun50iw10p1/libar100s.a(obj-in.o)

.debug_abbrev   0x00000000     0x3620
 .debug_abbrev  0x00000000     0x1114 driver/obj-in.o
 .debug_abbrev  0x00001114      0x799 library/obj-in.o
 .debug_abbrev  0x000018ad      0x661 service/obj-in.o
 .debug_abbrev  0x00001f0e      0x792 system/obj-in.o
 .debug_abbrev  0x000026a0      0xf80 library/liboem/sun50iw10p1/libar100s.a(obj-in.o)

.debug_line     0x00000000     0xe92e
 .debug_line    0x00000000     0x3794 driver/obj-in.o
 .debug_line    0x00003794     0x1e1c library/obj-in.o
 .debug_line    0x000055b0     0x184f service/obj-in.o
 .debug_line    0x00006dff      0xe2f system/obj-in.o
 .debug_line    0x00007c2e     0x6d00 library/liboem/sun50iw10p1/libar100s.a(obj-in.o)

.debug_frame    0x00000000     0x1ca4
 .debug_frame   0x00000000      0xa80 driver/obj-in.o
 .debug_frame   0x00000a80      0x704 library/obj-in.o
 .debug_frame   0x00001184      0x208 service/obj-in.o
 .debug_frame   0x0000138c      0x240 system/obj-in.o
 .debug_frame   0x000015cc      0x6d8 library/liboem/sun50iw10p1/libar100s.a(obj-in.o)

.debug_str      0x00000000     0x4314
 .debug_str     0x00000000     0x17a7 driver/obj-in.o
                               0x3dba (size before relaxing)
 .debug_str     0x000017a7      0x6c7 library/obj-in.o
                                0xe66 (size before relaxing)
 .debug_str     0x00001e6e      0x7b5 service/obj-in.o
                                0xfb6 (size before relaxing)
 .debug_str     0x00002623      0x2ea system/obj-in.o
                                0xc4e (size before relaxing)
 .debug_str     0x0000290d     0x1a07 library/liboem/sun50iw10p1/libar100s.a(obj-in.o)
                               0x4c5a (size before relaxing)

.debug_loc      0x00000000     0xcc6d
 .debug_loc     0x00000000     0x2381 driver/obj-in.o
 .debug_loc     0x00002381     0x27f6 library/obj-in.o
 .debug_loc     0x00004b77      0xbf2 service/obj-in.o
 .debug_loc     0x00005769      0x92f system/obj-in.o
 .debug_loc     0x00006098     0x6bd5 library/liboem/sun50iw10p1/libar100s.a(obj-in.o)

.debug_pubtypes
                0x00000000     0x1c34
 .debug_pubtypes
                0x00000000      0x581 driver/obj-in.o
 .debug_pubtypes
                0x00000581      0x19e library/obj-in.o
 .debug_pubtypes
                0x0000071f      0x18e service/obj-in.o
 .debug_pubtypes
                0x000008ad      0x16f system/obj-in.o
 .debug_pubtypes
                0x00000a1c     0x1218 library/liboem/sun50iw10p1/libar100s.a(obj-in.o)

.debug_ranges   0x00000000      0x868
 .debug_ranges  0x00000000       0x60 driver/obj-in.o
 .debug_ranges  0x00000060       0x20 library/obj-in.o
 .debug_ranges  0x00000080      0x330 service/obj-in.o
 .debug_ranges  0x000003b0      0x130 system/obj-in.o
 .debug_ranges  0x000004e0      0x388 library/liboem/sun50iw10p1/libar100s.a(obj-in.o)
00004000 D arisc_para
00004000 D paras_start_addr
00004088 D paras_end_addr
000040f0 T intc_init
00004148 T intc_exit
00004170 T intc_enable_interrupt
00004220 T intc_disable_interrupt
000042b8 T intc_interrupt_is_enabled
0000432c T intc_get_current_interrupt
00004354 T intc_set_mask
00004418 T intc_set_group_config
0000451c T isr_default
0000454c T interrupt_init
000045a0 T interrupt_exit
000045bc T interrupt_enable
000045d4 T interrupt_disable
000045ec T interrupt_set_nmi_trigger
00004614 T interrupt_set_mask
0000462c T interrupt_set_group_config
00004644 T install_isr
00004674 T uninstall_isr
000046dc T interrupt_entry
0000471c T interrupt_query_pending
0000479c T interrupt_clear_pending
00004800 T interrupt_get_current_intno
00004818 T interrupt_get_enabled
00004830 T pin_init
00004838 T pin_exit
00004840 T pin_set_status
00004848 T pin_set_multi_sel
000048c0 T pin_set_pull
00004938 T pin_set_drive
000049b0 T pin_write_data
00004a1c T pin_read_data
00004a5c T is_wanted_gpio_int
00004a90 T pin_set_int_trigger_mode
00004b1c T timer_hosc_onoff_cb
00004c6c T timer_isr
00004d28 T timer_init
00004e2c T timer_exit
00004e84 T timer_request
00004f68 T timer_release
00004f90 T timer_start
00005064 T timer_stop
0000510c T time_mdelay
000051c4 T cnt64_udelay
00005244 T time_udelay
000052dc t delay_loop
000052dc T time_cdelay
000052f4 T uart_init
000053f8 T uart_exit
00005470 T uart_putc
000054d4 T uart_get
0000553c T uart_puts
000055c0 T uart_set_baudrate
000056f4 T uart_clkchangecb
00005798 T uart_get_baudrate
000057ac t twi_clear_irq_flag
000057e0 t twic_reset
00005808 t twi_start
00005838 t twic_send_dummy_clock
000058c0 t twic_set_sclk.clone.0
00005984 T twi_clkchangecb
000059f0 T twi_init
00005b08 T twi_exit
00005b10 T twi_byte_rw
000061b8 T twi_read
00006248 T twi_write
000062d8 T is_twi_lock
000062f0 T twi_send_clk_9pulse
000063d8 T twi_get_status
0000641c T twi_standby_init
00006524 T twi_standby_exit
0000652c t hwmsgbox_set_receiver
00006598 t hwmsgbox_set_transmitter
00006608 T hwmsgbox_init
000066c8 T hwmsgbox_exit
000066f8 T hwmsgbox_wait_queue_not_full
00006758 T hwmsgbox_wait_queue_not_empty
000067c0 T hwmsgbox_send_message
00006a3c T hwmsgbox_feedback_message
00006b5c T hwmsgbox_query_message
00006d28 T hwmsgbox_super_standby_init
00006d54 T hwmsgbox_super_standby_exit
00006d88 t aw1657_pmu_set_voltage_state
00006e5c t aw1657_pmu_reset
00006ee0 t aw1657_pmu_shutdown
00006f68 T watchdog_reset
00006fd0 T pmu_shutdown
00007068 T pmu_reset
00007108 T pmu_charging_reset
0000718c T pmu_set_voltage
000071b4 T pmu_get_voltage
000071dc T pmu_set_voltage_state
0000723c T pmu_get_voltage_state
00007264 T pmu_query_event
0000726c T pmu_clear_pendings
00007274 T pmu_chip_init
0000727c T pmu_reg_write
00007298 T pmu_reg_read
000072b4 T pmu_reg_write_para
000072e4 T pmu_reg_read_para
00007314 T nmi_int_handler
00007354 T pmu_init
00007394 T pmu_exit
0000739c T is_pmu_exist
000073ac T pmu_standby_init
000073dc T pmu_standby_exit
0000740c T watchdog_init
00007488 T watchdog_exit
000074b0 T watchdog_enable
000074f0 T watchdog_disable
0000752c T itoa
0000765c T utoa
0000774c T hexdump
000077f4 T hstr2int
0000789c T dstr2int
000078e4 T strlen
00007904 T strnlen
00007934 T strcpy
0000795c T strncat
000079d4 T strcmp
00007a1c T strchr
00007a50 T memcpy
00007b0c T memmove
00007b98 T memcmp
00007bd4 T memchr
00007c14 T memset
00007c3c T sprintf
00007d58 T fdt_check_header
00007e6c T fdt_offset_ptr
00007f38 T fdt_next_tag
000080b4 T _fdt_check_node_offset
0000810c T _fdt_check_prop_offset
00008164 T fdt_next_node
00008274 T fdt_first_subnode
000082bc T fdt_next_subnode
0000832c T _fdt_find_string
000083b4 T fdt_move
00008480 t fdt64_to_cpu
000084e4 t _fdt_offset_ptr
0000851c t _fdt_mem_rsv
00008558 t _nextprop
000085e0 T fdt_string
00008618 T fdt_get_mem_rsv
000086c0 T fdt_num_mem_rsv
00008720 T fdt_subnode_offset_namelen
00008850 T fdt_subnode_offset
000088a0 T fdt_get_name
00008948 T fdt_first_property_offset
0000898c T fdt_next_property_offset
000089d0 T fdt_get_property_by_offset
00008a74 T fdt_get_property_namelen
00008ba0 T fdt_get_property
00008c00 T fdt_getprop_namelen
00008c2c T fdt_getprop_by_offset
00008cb8 T fdt_getprop
00008d18 T fdt_getprop_u32
00008ddc T fdt_get_phandle
00008e90 T fdt_get_alias_namelen
00008f0c T fdt_path_offset
0000904c T fdt_get_alias
0000908c T fdt_get_path
00009258 T fdt_supernode_atdepth_offset
00009360 T fdt_node_depth
000093a4 T fdt_parent_offset
00009400 T fdt_node_offset_by_prop_value
000094dc T fdt_node_offset_by_phandle
00009578 T fdt_stringlist_contains
00009628 T fdt_stringlist_count
000096b4 T fdt_stringlist_search
00009790 T fdt_stringlist_get
00009880 T fdt_node_check_compatible
000098e0 T fdt_node_offset_by_compatible
00009978 T fdt_strerror
000099e8 T fdt_address_cells
00009a6c T fdt_size_cells
00009aec T notifier_init
00009b30 T notifier_exit
00009b38 T notifier_insert
00009c04 T notifier_delete
00009c9c T notifier_notify
00009cf8 T message_valid
00009d08 T message_manager_init
00009d10 T message_manager_exit
00009d18 T message_coming_notify
00009ebc t print_align
00009f3c T debugger_init
00009f58 T debugger_exit
00009f60 T debugger_putc
00009f84 T debugger_get
00009f9c T debugger_puts
00009fb8 T debugger_printf
0000a304 T set_debug_level
0000a358 T daemon_register_service
0000a378 T startup_entry
0000a6cc T arisc_para_init
0000a6e8 T set_paras
0000a6f0 T standby_init
0000a730 T standby_exit
0000a738 T long_jump
0000a754 T standby_set_dram_crc_paras
0000a780 T standby_dram_crc_enable
0000a790 T standby_dram_crc
0000a7d4 t CPUX_IRQ_MAPTO_CPUS
0000a834 t CPUX_IRQ_MAPTO_CPUS_GRP
0000a84c t wakeup_timer_handler
0000a868 t group_irq_exit
0000a89c t group_irq_init
0000a8d0 T default_wakeup_handler
0000a95c T wakeup_timer_init
0000a9a8 T wakeup_timer_start
0000a9e4 T wakeup_timer_stop
0000aa00 T set_wakeup_src
0000ab3c T clear_wakeup_src
0000ac18 T is_suspend_lock
0000ac28 T cpu_op
0000bb78 T sys_op
0000bcb4 T icache_coherent
0000bcd8 t invalidate_block
0000bd04 t cpu_stack_monitor
0000bd70 T cpu_init
0000bda4 T cpu_disable_int
0000bdcc T cpu_enable_int
0000bddc T exit
0000bdfc T cpu_enter_doze
0000be10 t reset_handler
0000becc t invalid_block
0000bf3c t bus_error_exception_handler
0000bf60 t data_page_fault_exception_handler
0000bf84 t insn_page_fault_exception_handler
0000bfa8 t timer_exception_handler
0000bfcc t aligment_exception_handler
0000bff0 t illegal_exception_handler
0000c014 t irq_exception_handler
0000c038 t dtlb_miss_exception_handler
0000c05c t itlb_miss_exception_handler
0000c080 t range_exception_handler
0000c0a4 t syscall_exception_handler
0000c0c8 t fpu_exception_handler
0000c0ec t trap_exception_handler
0000c110 t cpu_exception_handler_entry
0000c208 T __udivsi3
0000c304 T __divsi3
0000c368 T __umodsi3
0000c388 T __modsi3
0000c3e4 T cpu_exception_handler_entry_c
0000c4a0 t timer_tick_server
0000c558 T start_softtimer
0000c56c T stop_softtimer
0000c58c T add_softtimer
0000c5f0 T current_time_tick
0000c604 T msec_to_ticks
0000c638 T time_ticks_init
0000c6a0 t cpu_power_switch_set
0000c7fc T is_old_cpureg_layout
0000c840 T cpucfg_init
0000c87c T cpucfg_exit
0000c8a4 T cpucfg_set_little_endian_address
0000c95c T cpucfg_remove_little_endian_address
0000ca5c T cpucfg_set_cpu_reset_state
0000caac T cpucfg_set_cpu_reset_state_ext
0000cb04 T cpucfg_counter_clear
0000cb34 T cpucfg_counter_read
0000cb88 T cpucfg_counter_ctrl
0000cba0 T cpucfg_set_cpux_jump_addr
0000cbb8 T cpucfg_acinactm_process
0000cc04 T cpucfg_wait_l2_enter_wfi
0000cc28 T cpucfg_l1l2_reset_by_hardware
0000cc74 T cpucfg_l1l2_reset_by_hardware_ext
0000cd10 T cpucfg_cluster0_process
0000cd84 T cpucfg_cluster0_process_ext
0000ce78 T cpucfg_cpu_suspend
0000cfec T cpucfg_cpu_suspend_late
0000d0fc T cpucfg_cpu_resume
0000d17c T set_secondary_entry
0000d1bc T sun50i_set_AA32nAA64
0000d27c T cpucfg_cpu_resume_early
0000d3f0 T cpu_power_up
0000d5e0 T cpu_power_down
0000d768 t auto_cal_timing_standby
0000d7b8 t phy_write_leveling_standby
0000d9f0 t phy_read_calibration_standby
0000dbec t phy_read_training_standby
0000e090 t phy_write_training_standby
0000e4cc t mctl_com_set_controller_refresh_standby.clone.1
0000e4fc t dramc_data_cal_standby.clone.12
0000e534 T mctl_phy_dx0_bit_delay_compensation_standby
0000e65c t mctl_core_init_standby
00011454 T dram_power_save_process
000115cc T dram_power_up_process
00011850 T iosc_freq_init
000119c8 T ccu_init
00011a84 T ccu_exit
00011a8c T save_state_flag
00011aa0 T read_state_flag
00011ab4 T ccu_set_mclk_onoff
00011bfc T ccu_set_poweroff_gating_state
00011dc0 T ccu_set_poweroff_gating_state_ext
00011f10 T ccu_24mhosc_reg_cb
00011f30 T ccu_24mhosc_disable
00011fd4 T ccu_24mhosc_enable
000120ac T is_hosc_lock
000120bc T ccu_set_mclk_reset
00012390 T ccu_reset_module
000123c8 T ccu_get_sclk_freq
00012488 T ccu_set_sclk_onoff
00012534 A rodata_vma
000130d4 r digit_string
0001310c r fdt_errtable
00013140 r __func__.2388
00013154 r irq_table
0001318c r __func__.2375
0001319c r remap_lpddr4_T509.2522
000131b8 r remap_lpddr4_A100.2521
000131d4 r remap_lpddr3_A100.2520
000131f0 r remap_ddr4_A100.2519
0001320c r remap_ddr3_T509.2518
00013228 r remap_ddr3_A100.2517
00013244 r CSWTCH.15
0001325c r CSWTCH.20
00013274 r CSWTCH.21
000132f4 A data_vma
000132f4 A shbss_vma
000132f4 D timer_lock
000132f8 d timers
00013330 D uart_lock
00013334 D aw1657_onoff_reg_bitmap
000133bc D pmu_axp806_ops
000133cc D axp_power_max
000133d0 D dram_crc_src
000133d4 D dram_crc_len
000133d8 d standby_osc24m_on
000133dc D debug_level
000133e0 D print_timeflg
000133e4 D exception_strings
00013424 D soc_version_a
00013428 D iosc_freq
0001342c D losc_freq
00013430 B bss_start_addr
00013430 B uart_pin_not_used
00013434 b uart_rate
00013438 B twi_lock
0001343c b hwmsg_suspend
00013440 b pmu_exist
00013444 B dram_crc_enable
00013448 b wakeup_timer
0001345c b cpus_src
00013460 b standby_type
00013464 b result
00013468 b standby_vdd_cpu
0001346c b standby_vdd_sys
00013470 b standby_vcc_pll
00013474 b dts_has_parsed.3130
00013478 b suspend_lock
0001347c b smc_region_save
000134dc b pll_periph0
000134e0 b mbus
000134e4 b pll_cpux_ctrl_reg_bak
000134e8 b c0_cpux_axi_cfg_reg_bak
000134ec b notifiers
0001354c b daemon_list
00013550 b msg_paras.2300
000135d0 b htimer
000135d4 b time_ticks
000135d8 b softtimer
000135e0 b softtimer_cnt
000135e4 b data_cal_standby
000135e8 b training_error_flag_standby
000135ec b already_init_osc_freq
000135f0 B hosc_notifier_list
000135f4 b hosc_lock
000135f8 b pll_ldo_suspend
000135fc B pintc_regs
00013600 B pwatchdog_regs
00013604 B isr_table
0001372c B delay_timer
00013730 B ptimerc_regs
00013734 B wakeup_source
00013738 B before_crc
0001373c B after_crc
00013740 B debugger_buffer
000137c0 B little_endian_used
000137c4 B ccu_pll_periph1_reg_addr
000137c8 B ccu_pll_ddr0_reg_addr
000137cc B apbs2_notifier_head
000137d0 B ccu_pll_periph0_reg_addr
000137d4 B ccu_pll_c0_cpux_reg_addr
000137d8 B ccu_reg_addr
000137e0 B bss_end_addr
000137e0 B stack_limit_addr
00013bdc b _stack
00013be0 B stack_base_addr

scp.elf:     file format elf32-or32
scp.elf
architecture: or32, flags 0x00000112:
EXEC_P, HAS_SYMS, D_PAGED
start address 0x00000100

Program Header:
    LOAD off    0x00002000 vaddr 0x00000000 paddr 0x00000000 align 2**13
         filesz 0x00000e08 memsz 0x00000e08 flags r-x
    LOAD off    0x00004000 vaddr 0x00004000 paddr 0x00004000 align 2**13
         filesz 0x00000088 memsz 0x00000088 flags rw-
    LOAD off    0x000040f0 vaddr 0x000040f0 paddr 0x000040f0 align 2**13
         filesz 0x0000f340 memsz 0x0000faec flags rwx
    LOAD off    0x00014000 vaddr 0x48100000 paddr 0x00014000 align 2**13
         filesz 0x00000004 memsz 0x00000004 flags rw-

Sections:
Idx Name          Size      VMA       LMA       File off  Algn
  0 .vectors      00000e08  00000000  00000000  00002000  2**0
                  CONTENTS, ALLOC, LOAD, READONLY, CODE
  1 dts_paras     00000088  00004000  00004000  00004000  2**2
                  CONTENTS, ALLOC, LOAD, DATA
  2 .text         0000e444  000040f0  000040f0  000040f0  2**2
                  CONTENTS, ALLOC, LOAD, READONLY, CODE
  3 .rodata       00000dc0  00012534  00012534  00012534  2**2
                  CONTENTS, ALLOC, LOAD, READONLY, DATA
  4 .data         0000013c  000132f4  000132f4  000132f4  2**2
                  CONTENTS, ALLOC, LOAD, DATA
  5 .bss          000003ac  00013430  00013430  00013430  2**2
                  ALLOC
  6 .stack        00000400  000137dc  000137dc  00013430  2**0
                  ALLOC
  7 .text5        00000004  48100000  00014000  00014000  2**0
                  CONTENTS, ALLOC, LOAD, DATA
  8 .comment      00000051  00000000  00000000  00014004  2**0
                  CONTENTS, READONLY
  9 .debug_aranges 000004a0  00000000  00000000  00014055  2**0
                  CONTENTS, READONLY, DEBUGGING
 10 .debug_pubnames 000019aa  00000000  00000000  000144f5  2**0
                  CONTENTS, READONLY, DEBUGGING
 11 .debug_info   0000ef9c  00000000  00000000  00015e9f  2**0
                  CONTENTS, READONLY, DEBUGGING
 12 .debug_abbrev 00003620  00000000  00000000  00024e3b  2**0
                  CONTENTS, READONLY, DEBUGGING
 13 .debug_line   0000e92e  00000000  00000000  0002845b  2**0
                  CONTENTS, READONLY, DEBUGGING
 14 .debug_frame  00001ca4  00000000  00000000  00036d8c  2**2
                  CONTENTS, READONLY, DEBUGGING
 15 .debug_str    00004314  00000000  00000000  00038a30  2**0
                  CONTENTS, READONLY, DEBUGGING
 16 .debug_loc    0000cc6d  00000000  00000000  0003cd44  2**0
                  CONTENTS, READONLY, DEBUGGING
 17 .debug_pubtypes 00001c34  00000000  00000000  000499b1  2**0
                  CONTENTS, READONLY, DEBUGGING
 18 .debug_ranges 00000868  00000000  00000000  0004b5e5  2**0
                  CONTENTS, READONLY, DEBUGGING
SYMBOL TABLE:
00000000 l    d  .vectors	00000000 .vectors
00004000 l    d  dts_paras	00000000 dts_paras
000040f0 l    d  .text	00000000 .text
00012534 l    d  .rodata	00000000 .rodata
000132f4 l    d  .data	00000000 .data
00013430 l    d  .bss	00000000 .bss
000137dc l    d  .stack	00000000 .stack
48100000 l    d  .text5	00000000 .text5
00000000 l    d  .comment	00000000 .comment
00000000 l    d  .debug_aranges	00000000 .debug_aranges
00000000 l    d  .debug_pubnames	00000000 .debug_pubnames
00000000 l    d  .debug_info	00000000 .debug_info
00000000 l    d  .debug_abbrev	00000000 .debug_abbrev
00000000 l    d  .debug_line	00000000 .debug_line
00000000 l    d  .debug_frame	00000000 .debug_frame
00000000 l    d  .debug_str	00000000 .debug_str
00000000 l    d  .debug_loc	00000000 .debug_loc
00000000 l    d  .debug_pubtypes	00000000 .debug_pubtypes
00000000 l    d  .debug_ranges	00000000 .debug_ranges
00013bdc l       .stack	00000000 _stack
0000be10 l       .text	00000000 reset_handler
0000bf3c l       .text	00000000 bus_error_exception_handler
0000bf60 l       .text	00000000 data_page_fault_exception_handler
0000bf84 l       .text	00000000 insn_page_fault_exception_handler
0000bfa8 l       .text	00000000 timer_exception_handler
0000bfcc l       .text	00000000 aligment_exception_handler
0000bff0 l       .text	00000000 illegal_exception_handler
0000c014 l       .text	00000000 irq_exception_handler
0000c038 l       .text	00000000 dtlb_miss_exception_handler
0000c05c l       .text	00000000 itlb_miss_exception_handler
0000c080 l       .text	00000000 range_exception_handler
0000c0a4 l       .text	00000000 syscall_exception_handler
0000c0c8 l       .text	00000000 fpu_exception_handler
0000c0ec l       .text	00000000 trap_exception_handler
0000becc l       .text	00000000 invalid_block
0000c110 l       .text	00000000 cpu_exception_handler_entry
0000bcd8 l       .text	00000000 invalidate_block
00000000 l    df *ABS*	00000000 cpu_c.c
0000bd04 l     F .text	0000006c cpu_stack_monitor
00000000 l    df *ABS*	00000000 exception.c
00000000 l    df *ABS*	00000000 time_ticks.c
0000c4a0 l     F .text	000000b8 timer_tick_server
000135d4 l     O .bss	00000004 time_ticks
000135d8 l     O .bss	00000008 softtimer
000135e0 l     O .bss	00000004 softtimer_cnt
000135d0 l     O .bss	00000004 htimer
00000000 l    df *ABS*	00000000 cpucfg.c
0000c6a0 l     F .text	0000015c cpu_power_switch_set
00000000 l    df *ABS*	00000000 mctl_standby-sun50iw10.c
0000d768 l     F .text	00000050 auto_cal_timing_standby
0000d7b8 l     F .text	00000238 phy_write_leveling_standby
0000d9f0 l     F .text	000001fc phy_read_calibration_standby
0000dbec l     F .text	000004a4 phy_read_training_standby
0000e090 l     F .text	0000043c phy_write_training_standby
0000e4cc l     F .text	00000030 mctl_com_set_controller_refresh_standby.clone.1
0000e4fc l     F .text	00000038 dramc_data_cal_standby.clone.12
0000e65c l     F .text	00002df8 mctl_core_init_standby
00013244 l     O .rodata	00000018 CSWTCH.15
0001325c l     O .rodata	00000018 CSWTCH.20
00013274 l     O .rodata	00000018 CSWTCH.21
0001319c l     O .rodata	0000001b remap_lpddr4_T509.2522
0001320c l     O .rodata	0000001b remap_ddr3_T509.2518
00013228 l     O .rodata	0000001b remap_ddr3_A100.2517
000131b8 l     O .rodata	0000001b remap_lpddr4_A100.2521
000131f0 l     O .rodata	0000001b remap_ddr4_A100.2519
000131d4 l     O .rodata	0000001b remap_lpddr3_A100.2520
000135e8 l     O .bss	00000004 training_error_flag_standby
000135e4 l     O .bss	00000004 data_cal_standby
00000000 l    df *ABS*	00000000 ccu.c
000135ec l     O .bss	00000004 already_init_osc_freq
00000000 l    df *ABS*	00000000 mclk.c
00000000 l    df *ABS*	00000000 power.c
000135f4 l     O .bss	00000004 hosc_lock
000135f8 l     O .bss	00000004 pll_ldo_suspend
00000000 l    df *ABS*	00000000 reset.c
00000000 l    df *ABS*	00000000 sclk.c
00000000 l    df *ABS*	00000000 notifier.c
000134ec l     O .bss	00000060 notifiers
00000000 l    df *ABS*	00000000 message_manager.c
00000000 l    df *ABS*	00000000 debugger.c
00009ebc l     F .text	00000080 print_align
00000000 l    df *ABS*	00000000 daemon.c
0001354c l     O .bss	00000004 daemon_list
00013550 l     O .bss	00000080 msg_paras.2300
00000000 l    df *ABS*	00000000 para.c
00000000 l    df *ABS*	00000000 intc.c
00000000 l    df *ABS*	00000000 intc_manager.c
00000000 l    df *ABS*	00000000 pin.c
00000000 l    df *ABS*	00000000 pin_int.c
00000000 l    df *ABS*	00000000 timer.c
000132f8 l     O .data	00000038 timers
00000000 l    df *ABS*	00000000 timer_delay.c
000052dc l       .text	00000000 delay_loop
00000000 l    df *ABS*	00000000 uart.c
00013434 l     O .bss	00000004 uart_rate
00000000 l    df *ABS*	00000000 twi.c
000057ac l     F .text	00000034 twi_clear_irq_flag
000057e0 l     F .text	00000028 twic_reset
00005808 l     F .text	00000030 twi_start
00005838 l     F .text	00000088 twic_send_dummy_clock
000058c0 l     F .text	000000c4 twic_set_sclk.clone.0
00000000 l    df *ABS*	00000000 hwmsgbox.c
0000652c l     F .text	0000006c hwmsgbox_set_receiver
00006598 l     F .text	00000070 hwmsgbox_set_transmitter
0001343c l     O .bss	00000004 hwmsg_suspend
00000000 l    df *ABS*	00000000 pmu_axp806.c
00006d88 l     F .text	000000d4 aw1657_pmu_set_voltage_state
00006e5c l     F .text	00000084 aw1657_pmu_reset
00006ee0 l     F .text	00000088 aw1657_pmu_shutdown
00000000 l    df *ABS*	00000000 pmu.c
00013440 l     O .bss	00000004 pmu_exist
00000000 l    df *ABS*	00000000 watchdog.c
00000000 l    df *ABS*	00000000 library.c
000130d4 l     O .rodata	00000011 digit_string
00000000 l    df *ABS*	00000000 string.c
00000000 l    df *ABS*	00000000 fdt.c
00000000 l    df *ABS*	00000000 fdt_ro.c
00008480 l     F .text	00000064 fdt64_to_cpu
000084e4 l     F .text	00000038 _fdt_offset_ptr
0000851c l     F .text	0000003c _fdt_mem_rsv
00008558 l     F .text	00000088 _nextprop
00000000 l    df *ABS*	00000000 fdt_strerror.c
0001310c l     O .rodata	00000034 fdt_errtable
00000000 l    df *ABS*	00000000 fdt_addresses.c
00000000 l    df *ABS*	00000000 standby.c
00000000 l    df *ABS*	00000000 standby_dram_crc.c
00000000 l    df *ABS*	00000000 wakeup_source.c
0000a7d4 l     F .text	00000060 CPUX_IRQ_MAPTO_CPUS
00013154 l     O .rodata	00000038 irq_table
0000a834 l     F .text	00000018 CPUX_IRQ_MAPTO_CPUS_GRP
0000a84c l     F .text	0000001c wakeup_timer_handler
0000a868 l     F .text	00000034 group_irq_exit
0000a89c l     F .text	00000034 group_irq_init
00013448 l     O .bss	00000014 wakeup_timer
0001318c l     O .rodata	0000000f __func__.2375
00013140 l     O .rodata	00000011 __func__.2388
00000000 l    df *ABS*	00000000 plat_standby.c
00013478 l     O .bss	00000004 suspend_lock
00013474 l     O .bss	00000004 dts_has_parsed.3130
00013468 l     O .bss	00000004 standby_vdd_cpu
0001346c l     O .bss	00000004 standby_vdd_sys
00013470 l     O .bss	00000004 standby_vcc_pll
000133d8 l     O .data	00000004 standby_osc24m_on
0001345c l     O .bss	00000004 cpus_src
00013460 l     O .bss	00000004 standby_type
0001347c l     O .bss	00000060 smc_region_save
000134dc l     O .bss	00000004 pll_periph0
000134e0 l     O .bss	00000004 mbus
000134e4 l     O .bss	00000004 pll_cpux_ctrl_reg_bak
000134e8 l     O .bss	00000004 c0_cpux_axi_cfg_reg_bak
00013464 l     O .bss	00000004 result
0000cba0 g     F .text	00000018 cpucfg_set_cpux_jump_addr
000137c0 g     O .bss	00000004 little_endian_used
000123c8 g     F .text	000000c0 ccu_get_sclk_freq
000099e8 g     F .text	00000084 fdt_address_cells
0000ce78 g     F .text	00000174 cpucfg_cpu_suspend
00007934 g     F .text	00000028 strcpy
00013330 g     O .data	00000004 uart_lock
00007e6c g     F .text	000000cc fdt_offset_ptr
00005984 g     F .text	0000006c twi_clkchangecb
00007298 g     F .text	0000001c pmu_reg_read
00004148 g     F .text	00000028 intc_exit
00007314 g     F .text	00000040 nmi_int_handler
00009d08 g     F .text	00000008 message_manager_init
00013734 g     O .bss	00000004 wakeup_source
00004088 g       dts_paras	00000000 paras_end_addr
0000c604 g     F .text	00000034 msec_to_ticks
0000bcb4 g       .text	00000000 icache_coherent
000054d4 g     F .text	00000068 uart_get
000120ac g     F .text	00000010 is_hosc_lock
00006d28 g     F .text	0000002c hwmsgbox_super_standby_init
0001342c g     O .data	00000004 losc_freq
0000a790 g     F .text	00000044 standby_dram_crc
00013be0 g       .stack	00000000 stack_base_addr
00004830 g     F .text	00000008 pin_init
00008c00 g     F .text	0000002c fdt_getprop_namelen
00011a84 g     F .text	00000008 ccu_exit
00008948 g     F .text	00000044 fdt_first_property_offset
000133dc g     O .data	00000004 debug_level
00009790 g     F .text	000000f0 fdt_stringlist_get
00013428 g     O .data	00000004 iosc_freq
00006f68 g     F .text	00000068 watchdog_reset
00007b0c g     F .text	0000008c memmove
000093a4 g     F .text	0000005c fdt_parent_offset
0000a9a8 g     F .text	0000003c wakeup_timer_start
0000c638 g     F .text	00000068 time_ticks_init
0000bd70 g     F .text	00000034 cpu_init
00008ba0 g     F .text	00000060 fdt_get_property
00009f9c g     F .text	0000001c debugger_puts
00008f0c g     F .text	00000140 fdt_path_offset
00013444 g     O .bss	00000004 dram_crc_enable
000133d4 g     O .data	00000004 dram_crc_len
000067c0 g     F .text	0000027c hwmsgbox_send_message
0000726c g     F .text	00000008 pmu_clear_pendings
0000aa00 g     F .text	0000013c set_wakeup_src
0000727c g     F .text	0000001c pmu_reg_write
00009d18 g     F .text	000001a4 message_coming_notify
00004674 g     F .text	00000068 uninstall_isr
00006608 g     F .text	000000c0 hwmsgbox_init
000048c0 g     F .text	00000078 pin_set_pull
0000bdfc g     F .text	00000014 cpu_enter_doze
0000cfec g     F .text	00000110 cpucfg_cpu_suspend_late
000083b4 g     F .text	000000cc fdt_move
0000774c g     F .text	000000a8 hexdump
00009f58 g     F .text	00000008 debugger_exit
0000c3e4 g     F .text	000000bc cpu_exception_handler_entry_c
000133cc g     O .data	00000004 axp_power_max
000045d4 g     F .text	00000018 interrupt_disable
000135fc g     O .bss	00000004 pintc_regs
000098e0 g     F .text	00000098 fdt_node_offset_by_compatible
0000a358 g     F .text	00000020 daemon_register_service
00005b08 g     F .text	00000008 twi_exit
000137c4 g     O .bss	00000004 ccu_pll_periph1_reg_addr
00007a50 g     F .text	000000bc memcpy
000115cc g     F .text	00000284 dram_power_up_process
000133e4 g     O .data	00000040 exception_strings
00009400 g     F .text	000000dc fdt_node_offset_by_prop_value
00006524 g     F .text	00000008 twi_standby_exit
000066f8 g     F .text	00000060 hwmsgbox_wait_queue_not_full
000132f4 g       *ABS*	00000000 shbss_vma
000049b0 g     F .text	0000006c pin_write_data
00009f60 g     F .text	00000024 debugger_putc
0000c208 g       .text	00000000 __udivsi3
00011fd4 g     F .text	000000d8 ccu_24mhosc_enable
00013738 g     O .bss	00000004 before_crc
0000454c g     F .text	00000054 interrupt_init
0000c58c g     F .text	00000064 add_softtimer
000059f0 g     F .text	00000118 twi_init
0000752c g     F .text	00000130 itoa
00008720 g     F .text	00000130 fdt_subnode_offset_namelen
0000ac18 g     F .text	00000010 is_suspend_lock
00009360 g     F .text	00000044 fdt_node_depth
000072e4 g     F .text	00000030 pmu_reg_read_para
000045a0 g     F .text	0000001c interrupt_exit
00004818 g     F .text	00000018 interrupt_get_enabled
000086c0 g     F .text	00000060 fdt_num_mem_rsv
00007264 g     F .text	00000008 pmu_query_event
000089d0 g     F .text	000000a4 fdt_get_property_by_offset
0001373c g     O .bss	00000004 after_crc
00007394 g     F .text	00000008 pmu_exit
00006b5c g     F .text	000001cc hwmsgbox_query_message
0000d0fc g     F .text	00000080 cpucfg_cpu_resume
00013600 g     O .bss	00000004 pwatchdog_regs
00013740 g     O .bss	00000080 debugger_buffer
0000a754 g     F .text	0000002c standby_set_dram_crc_paras
000137c8 g     O .bss	00000004 ccu_pll_ddr0_reg_addr
0000641c g     F .text	00000108 twi_standby_init
00011454 g     F .text	00000178 dram_power_save_process
000071dc g     F .text	00000060 pmu_set_voltage_state
000119c8 g     F .text	000000bc ccu_init
00009c04 g     F .text	00000098 notifier_delete
0000832c g     F .text	00000088 _fdt_find_string
00004b1c g     F .text	00000150 timer_hosc_onoff_cb
00013430 g     O .bss	00000004 uart_pin_not_used
0000718c g     F .text	00000028 pmu_set_voltage
00004848 g     F .text	00000078 pin_set_multi_sel
0000d3f0 g     F .text	000001f0 cpu_power_up
0000c7fc g     F .text	00000044 is_old_cpureg_layout
0000c95c g     F .text	00000100 cpucfg_remove_little_endian_address
00007904 g     F .text	00000030 strnlen
00004e84 g     F .text	000000e4 timer_request
000045ec g     F .text	00000028 interrupt_set_nmi_trigger
00008cb8 g     F .text	00000060 fdt_getprop
0000432c g     F .text	00000028 intc_get_current_interrupt
000135f0 g     O .bss	00000004 hosc_notifier_list
0000739c g     F .text	00000010 is_pmu_exist
0000c87c g     F .text	00000028 cpucfg_exit
0000553c g     F .text	00000084 uart_puts
00004a5c g     F .text	00000034 is_wanted_gpio_int
0000765c g     F .text	000000f0 utoa
00008d18 g     F .text	000000c4 fdt_getprop_u32
00009978 g     F .text	00000070 fdt_strerror
00004d28 g     F .text	00000104 timer_init
00009578 g     F .text	000000b0 fdt_stringlist_contains
0000c5f0 g     F .text	00000014 current_time_tick
000132f4 g       *ABS*	00000000 data_vma
00004220 g     F .text	00000098 intc_disable_interrupt
00006248 g     F .text	00000090 twi_write
00011850 g     F .text	00000178 iosc_freq_init
00004644 g     F .text	00000030 install_isr
000137e0 g       .stack	00000000 stack_limit_addr
000062f0 g     F .text	000000e8 twi_send_clk_9pulse
0000c368 g       .text	00000000 __umodsi3
0000810c g     F .text	00000058 _fdt_check_prop_offset
00004f90 g     F .text	000000d4 timer_start
00007068 g     F .text	000000a0 pmu_reset
00004840 g     F .text	00000008 pin_set_status
00011aa0 g     F .text	00000014 read_state_flag
00008850 g     F .text	00000050 fdt_subnode_offset
0000cb04 g     F .text	00000030 cpucfg_counter_clear
0000a780 g     F .text	00000010 standby_dram_crc_enable
000052f4 g     F .text	00000104 uart_init
000062d8 g     F .text	00000018 is_twi_lock
00007bd4 g     F .text	00000040 memchr
0000cd84 g     F .text	000000f4 cpucfg_cluster0_process_ext
00009a6c g     F .text	00000080 fdt_size_cells
0000451c g     F .text	00000030 isr_default
000055c0 g     F .text	00000134 uart_set_baudrate
0000a6f0 g     F .text	00000040 standby_init
00011f30 g     F .text	000000a4 ccu_24mhosc_disable
00009258 g     F .text	00000108 fdt_supernode_atdepth_offset
00013438 g     O .bss	00000001 twi_lock
00004354 g     F .text	000000c4 intc_set_mask
0000d1bc g     F .text	000000c0 sun50i_set_AA32nAA64
00009d10 g     F .text	00000008 message_manager_exit
000082bc g     F .text	00000070 fdt_next_subnode
000046dc g     F .text	00000040 interrupt_entry
0000c558 g     F .text	00000014 start_softtimer
0000c8a4 g     F .text	000000b8 cpucfg_set_little_endian_address
0000ac28 g     F .text	00000f50 cpu_op
00009fb8 g     F .text	0000034c debugger_printf
0000cd10 g     F .text	00000074 cpucfg_cluster0_process
0000c56c g     F .text	00000020 stop_softtimer
00007274 g     F .text	00000008 pmu_chip_init
00004a1c g     F .text	00000040 pin_read_data
00006a3c g     F .text	00000120 hwmsgbox_feedback_message
000072b4 g     F .text	00000030 pmu_reg_write_para
0000bdcc g     F .text	00000010 cpu_enable_int
00006fd0 g     F .text	00000098 pmu_shutdown
00007b98 g     F .text	0000003c memcmp
0000898c g     F .text	00000044 fdt_next_property_offset
000133e0 g     O .data	00000004 print_timeflg
0000795c g     F .text	00000078 strncat
000073ac g     F .text	00000030 pmu_standby_init
00008a74 g     F .text	0000012c fdt_get_property_namelen
0000c840 g     F .text	0000003c cpucfg_init
000094dc g     F .text	0000009c fdt_node_offset_by_phandle
00013334 g     O .data	00000088 aw1657_onoff_reg_bitmap
000063d8 g     F .text	00000044 twi_get_status
00011f10 g     F .text	00000020 ccu_24mhosc_reg_cb
000073dc g     F .text	00000030 pmu_standby_exit
00007488 g     F .text	00000028 watchdog_exit
00012534 g       *ABS*	00000000 rodata_vma
00012390 g     F .text	00000038 ccu_reset_module
000120bc g     F .text	000002d4 ccu_set_mclk_reset
00013430 g       .bss	00000000 bss_start_addr
0000ab3c g     F .text	000000dc clear_wakeup_src
00004170 g     F .text	000000b0 intc_enable_interrupt
00007c14 g     F .text	00000028 memset
00004e2c g     F .text	00000058 timer_exit
0000cbb8 g     F .text	0000004c cpucfg_acinactm_process
0000cb88 g     F .text	00000018 cpucfg_counter_ctrl
00007108 g     F .text	00000084 pmu_charging_reset
0000789c g     F .text	00000048 dstr2int
000080b4 g     F .text	00000058 _fdt_check_node_offset
00005470 g     F .text	00000064 uart_putc
0000bda4 g     F .text	00000028 cpu_disable_int
000051c4 g     F .text	00000080 cnt64_udelay
0000a6e8 g     F .text	00000008 set_paras
00013604 g     O .bss	00000128 isr_table
000137cc g     O .bss	00000004 apbs2_notifier_head
0000904c g     F .text	00000040 fdt_get_alias
0000a304 g     F .text	00000054 set_debug_level
00013424 g     O .data	00000004 soc_version_a
000066c8 g     F .text	00000030 hwmsgbox_exit
0000c304 g       .text	00000000 __divsi3
0000d5e0 g     F .text	00000188 cpu_power_down
00008ddc g     F .text	000000b4 fdt_get_phandle
000079d4 g     F .text	00000048 strcmp
000056f4 g     F .text	000000a4 uart_clkchangecb
00009aec g     F .text	00000044 notifier_init
00012488 g     F .text	000000ac ccu_set_sclk_onoff
00004000 g       dts_paras	00000000 paras_start_addr
0000510c g     F .text	000000b8 time_mdelay
00007c3c g     F .text	0000011c sprintf
000061b8 g     F .text	00000090 twi_read
000077f4 g     F .text	000000a8 hstr2int
00004418 g     F .text	00000104 intc_set_group_config
0000cc28 g     F .text	0000004c cpucfg_l1l2_reset_by_hardware
00007d58 g     F .text	00000114 fdt_check_header
00011ab4 g     F .text	00000148 ccu_set_mclk_onoff
00005064 g     F .text	000000a8 timer_stop
000088a0 g     F .text	000000a8 fdt_get_name
00004614 g     F .text	00000018 interrupt_set_mask
00009c9c g     F .text	0000005c notifier_notify
00008274 g     F .text	00000048 fdt_first_subnode
000040f0 g     F .text	00000058 intc_init
0000d27c g     F .text	00000174 cpucfg_cpu_resume_early
0000723c g     F .text	00000028 pmu_get_voltage_state
0000471c g     F .text	00000080 interrupt_query_pending
00005798 g     F .text	00000014 uart_get_baudrate
00005244 g     F .text	00000098 time_udelay
00004f68 g     F .text	00000028 timer_release
00006758 g     F .text	00000068 hwmsgbox_wait_queue_not_empty
00008164 g     F .text	00000110 fdt_next_node
0000a738 g     F .text	0000001c long_jump
000137e0 g       .bss	00000000 bss_end_addr
0001372c g     O .bss	00000004 delay_timer
00006d54 g     F .text	00000034 hwmsgbox_super_standby_exit
000137d0 g     O .bss	00000004 ccu_pll_periph0_reg_addr
00004838 g     F .text	00000008 pin_exit
000071b4 g     F .text	00000028 pmu_get_voltage
00011bfc g     F .text	000001c4 ccu_set_poweroff_gating_state
0000cc74 g     F .text	0000009c cpucfg_l1l2_reset_by_hardware_ext
000074b0 g     F .text	00000040 watchdog_enable
00007354 g     F .text	00000040 pmu_init
0000e534 g     F .text	00000128 mctl_phy_dx0_bit_delay_compensation_standby
000132f4 g     O .data	00000004 timer_lock
0000479c g     F .text	00000064 interrupt_clear_pending
0000bddc g     F .text	00000020 exit
0000a6cc g     F .text	0000001c arisc_para_init
000085e0 g     F .text	00000038 fdt_string
0000cc04 g     F .text	00000024 cpucfg_wait_l2_enter_wfi
0000c388 g       .text	00000000 __modsi3
000137d4 g     O .bss	00000004 ccu_pll_c0_cpux_reg_addr
00011dc0 g     F .text	00000150 ccu_set_poweroff_gating_state_ext
00007f38 g     F .text	0000017c fdt_next_tag
00004000 g     O dts_paras	00000088 arisc_para
000133d0 g     O .data	00000004 dram_crc_src
00004938 g     F .text	00000078 pin_set_drive
00009f3c g     F .text	0000001c debugger_init
000074f0 g     F .text	0000003c watchdog_disable
0000a378 g     F .text	00000354 startup_entry
00008e90 g     F .text	0000007c fdt_get_alias_namelen
00004800 g     F .text	00000018 interrupt_get_current_intno
00004c6c g     F .text	000000bc timer_isr
00009cf8 g     F .text	00000010 message_valid
00005b10 g     F .text	000006a8 twi_byte_rw
00004a90 g     F .text	0000008c pin_set_int_trigger_mode
000052dc g       .text	00000000 time_cdelay
000045bc g     F .text	00000018 interrupt_enable
00009628 g     F .text	0000008c fdt_stringlist_count
000078e4 g     F .text	00000020 strlen
00013730 g     O .bss	00000004 ptimerc_regs
0000caac g     F .text	00000058 cpucfg_set_cpu_reset_state_ext
0000d17c g     F .text	00000040 set_secondary_entry
0000a9e4 g     F .text	0000001c wakeup_timer_stop
00011a8c g     F .text	00000014 save_state_flag
0000a730 g     F .text	00000008 standby_exit
0000ca5c g     F .text	00000050 cpucfg_set_cpu_reset_state
00007a1c g     F .text	00000034 strchr
0000a8d0 g     F .text	0000008c default_wakeup_handler
0000cb34 g     F .text	00000054 cpucfg_counter_read
000042b8 g     F .text	00000074 intc_interrupt_is_enabled
0000740c g     F .text	0000007c watchdog_init
00009f84 g     F .text	00000018 debugger_get
0000a95c g     F .text	0000004c wakeup_timer_init
000096b4 g     F .text	000000dc fdt_stringlist_search
00009880 g     F .text	00000060 fdt_node_check_compatible
0000462c g     F .text	00000018 interrupt_set_group_config
000053f8 g     F .text	00000078 uart_exit
00008c2c g     F .text	0000008c fdt_getprop_by_offset
0000bb78 g     F .text	0000013c sys_op
00009b30 g     F .text	00000008 notifier_exit
00008618 g     F .text	000000a8 fdt_get_mem_rsv
0000908c g     F .text	000001cc fdt_get_path
000137d8 g     O .bss	00000004 ccu_reg_addr
00009b38 g     F .text	000000cc notifier_insert
000133bc g     O .data	00000010 pmu_axp806_ops



Disassembly of section .vectors:

00000000 <.vectors>:
	...
 100:	00 00 2f 44 	l.j be10 <reset_handler>
 104:	15 00 00 00 	l.nop 0x0
	...
 200:	00 00 2f 4f 	l.j bf3c <bus_error_exception_handler>
 204:	15 00 00 00 	l.nop 0x0
	...
 300:	00 00 2f 18 	l.j bf60 <data_page_fault_exception_handler>
 304:	15 00 00 00 	l.nop 0x0
	...
 400:	00 00 2e e1 	l.j bf84 <insn_page_fault_exception_handler>
 404:	15 00 00 00 	l.nop 0x0
	...
 500:	00 00 2e aa 	l.j bfa8 <timer_exception_handler>
 504:	15 00 00 00 	l.nop 0x0
	...
 600:	00 00 2e 73 	l.j bfcc <aligment_exception_handler>
 604:	15 00 00 00 	l.nop 0x0
	...
 700:	00 00 2e 3c 	l.j bff0 <illegal_exception_handler>
 704:	15 00 00 00 	l.nop 0x0
	...
 800:	00 00 2e 05 	l.j c014 <irq_exception_handler>
 804:	15 00 00 00 	l.nop 0x0
	...
 900:	00 00 2d ce 	l.j c038 <dtlb_miss_exception_handler>
 904:	15 00 00 00 	l.nop 0x0
	...
 a00:	00 00 2d 97 	l.j c05c <itlb_miss_exception_handler>
 a04:	15 00 00 00 	l.nop 0x0
	...
 b00:	00 00 2d 60 	l.j c080 <range_exception_handler>
 b04:	15 00 00 00 	l.nop 0x0
	...
 c00:	00 00 2d 29 	l.j c0a4 <syscall_exception_handler>
 c04:	15 00 00 00 	l.nop 0x0
	...
 d00:	00 00 2c f2 	l.j c0c8 <fpu_exception_handler>
 d04:	15 00 00 00 	l.nop 0x0
	...
 e00:	00 00 2c bb 	l.j c0ec <trap_exception_handler>
 e04:	15 00 00 00 	l.nop 0x0

Disassembly of section .text:

000040f0 <intc_init>:
* Note       :
*********************************************************************************************************
*/
s32 intc_init(void)
{
	pintc_regs = (struct intc_regs *)(R_INTC_REG_BASE);
    40f0:	18 60 07 02 	l.movhi r3,0x702
    40f4:	18 80 00 01 	l.movhi r4,0x1
    40f8:	a8 63 10 00 	l.ori r3,r3,0x1000
    40fc:	a8 84 35 fc 	l.ori r4,r4,0x35fc
*
* Note       :
*********************************************************************************************************
*/
s32 intc_init(void)
{
    4100:	d7 e1 17 fc 	l.sw 0xfffffffc(r1),r2
	pintc_regs = (struct intc_regs *)(R_INTC_REG_BASE);

	/*initialize interrupt controller */
	pintc_regs->enable = 0x0;
    4104:	9c 40 00 00 	l.addi r2,r0,0x0
* Note       :
*********************************************************************************************************
*/
s32 intc_init(void)
{
	pintc_regs = (struct intc_regs *)(R_INTC_REG_BASE);
    4108:	d4 04 18 00 	l.sw 0x0(r4),r3

	/*initialize interrupt controller */
	pintc_regs->enable = 0x0;
    410c:	d4 03 10 40 	l.sw 0x40(r3),r2
	pintc_regs->mask = 0x0;
	pintc_regs->pending = 0xffffffff;
    4110:	9c 80 ff ff 	l.addi r4,r0,0xffffffff
{
	pintc_regs = (struct intc_regs *)(R_INTC_REG_BASE);

	/*initialize interrupt controller */
	pintc_regs->enable = 0x0;
	pintc_regs->mask = 0x0;
    4114:	d4 03 10 50 	l.sw 0x50(r3),r2
	pintc_regs->pending = 0xffffffff;
    4118:	d4 03 20 10 	l.sw 0x10(r3),r4

	pintc_regs->enable1 = 0x0;
    411c:	d4 03 10 44 	l.sw 0x44(r3),r2
	pintc_regs->mask1 = 0x0;
    4120:	d4 03 10 54 	l.sw 0x54(r3),r2
	pintc_regs->pending1 = 0xffffffff;
    4124:	d4 03 20 14 	l.sw 0x14(r3),r4

	pintc_regs->enable2 = 0x0;
    4128:	d4 03 10 48 	l.sw 0x48(r3),r2
	pintc_regs->mask2 = 0x0;
    412c:	d4 03 10 58 	l.sw 0x58(r3),r2
*
* Note       :
*********************************************************************************************************
*/
s32 intc_init(void)
{
    4130:	9c 21 ff fc 	l.addi r1,r1,0xfffffffc
	pintc_regs->mask1 = 0x0;
	pintc_regs->pending1 = 0xffffffff;

	pintc_regs->enable2 = 0x0;
	pintc_regs->mask2 = 0x0;
	pintc_regs->pending2 = 0xffffffff;
    4134:	d4 03 20 18 	l.sw 0x18(r3),r4
	return OK;
}
    4138:	9c 21 00 04 	l.addi r1,r1,0x4
    413c:	a9 62 00 00 	l.ori r11,r2,0x0
    4140:	44 00 48 00 	l.jr r9
    4144:	84 41 ff fc 	l.lwz r2,0xfffffffc(r1)

00004148 <intc_exit>:
* Note       :
*********************************************************************************************************
*/
s32 intc_exit(void)
{
	pintc_regs = NULL;
    4148:	18 60 00 01 	l.movhi r3,0x1
*
* Note       :
*********************************************************************************************************
*/
s32 intc_exit(void)
{
    414c:	d7 e1 17 fc 	l.sw 0xfffffffc(r1),r2
	pintc_regs = NULL;
    4150:	a8 63 35 fc 	l.ori r3,r3,0x35fc
    4154:	9c 40 00 00 	l.addi r2,r0,0x0
*
* Note       :
*********************************************************************************************************
*/
s32 intc_exit(void)
{
    4158:	9c 21 ff fc 	l.addi r1,r1,0xfffffffc
	pintc_regs = NULL;
    415c:	d4 03 10 00 	l.sw 0x0(r3),r2

	return OK;
}
    4160:	9c 21 00 04 	l.addi r1,r1,0x4
    4164:	a9 62 00 00 	l.ori r11,r2,0x0
    4168:	44 00 48 00 	l.jr r9
    416c:	84 41 ff fc 	l.lwz r2,0xfffffffc(r1)

00004170 <intc_enable_interrupt>:

	/*
	 * NMI interrupt should clear before enable.
	 * by sunny at 2012-6-12 19:30:22.
	 */
	if (intno == INTC_R_NMI_IRQ) {
    4170:	bc 23 00 00 	l.sfnei r3,0x0
    4174:	10 00 00 09 	l.bf 4198 <intc_enable_interrupt+0x28>
    4178:	bc 43 00 1f 	l.sfgtui r3,0x1f
		INF("clean NMI interrupt pending\n");
		pintc_regs->pending = (1 << intno);
    417c:	18 80 00 01 	l.movhi r4,0x1
    4180:	9c a0 00 01 	l.addi r5,r0,0x1
    4184:	a8 84 35 fc 	l.ori r4,r4,0x35fc
    4188:	84 84 00 00 	l.lwz r4,0x0(r4)
    418c:	d4 04 28 10 	l.sw 0x10(r4),r5
	}

	/*enable interrupt which number is intno */
	if (intno <= 31)
		pintc_regs->enable |= (1 << intno);
    4190:	00 00 00 05 	l.j 41a4 <intc_enable_interrupt+0x34>
    4194:	18 80 00 01 	l.movhi r4,0x1
		INF("clean NMI interrupt pending\n");
		pintc_regs->pending = (1 << intno);
	}

	/*enable interrupt which number is intno */
	if (intno <= 31)
    4198:	10 00 00 0c 	l.bf 41c8 <intc_enable_interrupt+0x58>
    419c:	9c a3 ff e0 	l.addi r5,r3,0xffffffe0
		pintc_regs->enable |= (1 << intno);
    41a0:	18 80 00 01 	l.movhi r4,0x1
    41a4:	9c c0 00 01 	l.addi r6,r0,0x1
    41a8:	a8 84 35 fc 	l.ori r4,r4,0x35fc
    41ac:	e0 66 18 08 	l.sll r3,r6,r3
    41b0:	84 84 00 00 	l.lwz r4,0x0(r4)
    41b4:	84 a4 00 40 	l.lwz r5,0x40(r4)
    41b8:	e0 63 28 04 	l.or r3,r3,r5
    41bc:	d4 04 18 40 	l.sw 0x40(r4),r3
		pintc_regs->enable2 |= (1 << (intno - 64));

	INF("intno:%d interrupt enable\n", intno);

	return OK;
}
    41c0:	00 00 00 16 	l.j 4218 <intc_enable_interrupt+0xa8>
    41c4:	9d 60 00 00 	l.addi r11,r0,0x0
    41c8:	18 80 00 01 	l.movhi r4,0x1
	}

	/*enable interrupt which number is intno */
	if (intno <= 31)
		pintc_regs->enable |= (1 << intno);
	else if (intno > 31 && intno <= 63)
    41cc:	bc 45 00 1f 	l.sfgtui r5,0x1f
    41d0:	10 00 00 0a 	l.bf 41f8 <intc_enable_interrupt+0x88>
    41d4:	a8 84 35 fc 	l.ori r4,r4,0x35fc
		pintc_regs->enable1 |= (1 << (intno - 32));
    41d8:	9c c0 00 01 	l.addi r6,r0,0x1
    41dc:	84 64 00 00 	l.lwz r3,0x0(r4)
    41e0:	e0 a6 28 08 	l.sll r5,r6,r5
    41e4:	84 83 00 44 	l.lwz r4,0x44(r3)
    41e8:	e0 a5 20 04 	l.or r5,r5,r4
    41ec:	d4 03 28 44 	l.sw 0x44(r3),r5
		pintc_regs->enable2 |= (1 << (intno - 64));

	INF("intno:%d interrupt enable\n", intno);

	return OK;
}
    41f0:	00 00 00 0a 	l.j 4218 <intc_enable_interrupt+0xa8>
    41f4:	9d 60 00 00 	l.addi r11,r0,0x0
	if (intno <= 31)
		pintc_regs->enable |= (1 << intno);
	else if (intno > 31 && intno <= 63)
		pintc_regs->enable1 |= (1 << (intno - 32));
	else
		pintc_regs->enable2 |= (1 << (intno - 64));
    41f8:	9c 63 ff c0 	l.addi r3,r3,0xffffffc0
    41fc:	9c c0 00 01 	l.addi r6,r0,0x1
    4200:	84 84 00 00 	l.lwz r4,0x0(r4)
    4204:	e0 66 18 08 	l.sll r3,r6,r3
    4208:	84 a4 00 48 	l.lwz r5,0x48(r4)
    420c:	e0 63 28 04 	l.or r3,r3,r5
    4210:	d4 04 18 48 	l.sw 0x48(r4),r3

	INF("intno:%d interrupt enable\n", intno);

	return OK;
}
    4214:	9d 60 00 00 	l.addi r11,r0,0x0
    4218:	44 00 48 00 	l.jr r9
    421c:	15 00 00 00 	l.nop 0x0

00004220 <intc_disable_interrupt>:
{
	/*intno can't beyond then IRQ_SOURCE_MAX */
	ASSERT(intno < IRQ_SOUCE_MAX);

	/*enable interrupt which number is intno */
	if (intno <= 31)
    4220:	bc 43 00 1f 	l.sfgtui r3,0x1f
    4224:	10 00 00 0d 	l.bf 4258 <intc_disable_interrupt+0x38>
    4228:	9c a3 ff e0 	l.addi r5,r3,0xffffffe0
		pintc_regs->enable &= ~(1 << intno);
    422c:	18 80 00 01 	l.movhi r4,0x1
    4230:	9c c0 00 01 	l.addi r6,r0,0x1
    4234:	a8 84 35 fc 	l.ori r4,r4,0x35fc
    4238:	e0 66 18 08 	l.sll r3,r6,r3
    423c:	84 84 00 00 	l.lwz r4,0x0(r4)
    4240:	ac 63 ff ff 	l.xori r3,r3,0xffffffff
    4244:	84 a4 00 40 	l.lwz r5,0x40(r4)
    4248:	e0 63 28 03 	l.and r3,r3,r5
    424c:	d4 04 18 40 	l.sw 0x40(r4),r3
		pintc_regs->enable1 &= ~(1 << (intno - 32));
	else
		pintc_regs->enable2 &= ~(1 << (intno - 64));

	return OK;
}
    4250:	00 00 00 18 	l.j 42b0 <intc_disable_interrupt+0x90>
    4254:	9d 60 00 00 	l.addi r11,r0,0x0
    4258:	18 80 00 01 	l.movhi r4,0x1
	ASSERT(intno < IRQ_SOUCE_MAX);

	/*enable interrupt which number is intno */
	if (intno <= 31)
		pintc_regs->enable &= ~(1 << intno);
	else if (intno > 31 && intno <= 63)
    425c:	bc 45 00 1f 	l.sfgtui r5,0x1f
    4260:	10 00 00 0b 	l.bf 428c <intc_disable_interrupt+0x6c>
    4264:	a8 84 35 fc 	l.ori r4,r4,0x35fc
		pintc_regs->enable1 &= ~(1 << (intno - 32));
    4268:	9c c0 00 01 	l.addi r6,r0,0x1
    426c:	84 64 00 00 	l.lwz r3,0x0(r4)
    4270:	e0 a6 28 08 	l.sll r5,r6,r5
    4274:	84 83 00 44 	l.lwz r4,0x44(r3)
    4278:	ac a5 ff ff 	l.xori r5,r5,0xffffffff
    427c:	e0 a5 20 03 	l.and r5,r5,r4
    4280:	d4 03 28 44 	l.sw 0x44(r3),r5
	else
		pintc_regs->enable2 &= ~(1 << (intno - 64));

	return OK;
}
    4284:	00 00 00 0b 	l.j 42b0 <intc_disable_interrupt+0x90>
    4288:	9d 60 00 00 	l.addi r11,r0,0x0
	if (intno <= 31)
		pintc_regs->enable &= ~(1 << intno);
	else if (intno > 31 && intno <= 63)
		pintc_regs->enable1 &= ~(1 << (intno - 32));
	else
		pintc_regs->enable2 &= ~(1 << (intno - 64));
    428c:	9c 63 ff c0 	l.addi r3,r3,0xffffffc0
    4290:	9c c0 00 01 	l.addi r6,r0,0x1
    4294:	84 84 00 00 	l.lwz r4,0x0(r4)
    4298:	e0 66 18 08 	l.sll r3,r6,r3
    429c:	84 a4 00 48 	l.lwz r5,0x48(r4)
    42a0:	ac 63 ff ff 	l.xori r3,r3,0xffffffff
    42a4:	e0 63 28 03 	l.and r3,r3,r5
    42a8:	d4 04 18 48 	l.sw 0x48(r4),r3

	return OK;
}
    42ac:	9d 60 00 00 	l.addi r11,r0,0x0
    42b0:	44 00 48 00 	l.jr r9
    42b4:	15 00 00 00 	l.nop 0x0

000042b8 <intc_interrupt_is_enabled>:

	/* intno can't beyond then IRQ_SOURCE_MAX */
	ASSERT(intno < IRQ_SOUCE_MAX);

	/* get interrupt enabled status which number is intno */
	if (intno <= 31)
    42b8:	bc 43 00 1f 	l.sfgtui r3,0x1f
    42bc:	10 00 00 08 	l.bf 42dc <intc_interrupt_is_enabled+0x24>
    42c0:	15 00 00 00 	l.nop 0x0
		enable_status = pintc_regs->enable & (1 << intno);
    42c4:	18 80 00 01 	l.movhi r4,0x1
    42c8:	a8 84 35 fc 	l.ori r4,r4,0x35fc
    42cc:	84 84 00 00 	l.lwz r4,0x0(r4)
    42d0:	84 84 00 40 	l.lwz r4,0x40(r4)
	else if (intno > 31 && intno <= 63)
		enable_status = pintc_regs->enable1 & (1 << (intno - 32));
	else
		enable_status = pintc_regs->enable2 & (1 << (intno - 64));
    42d4:	00 00 00 10 	l.j 4314 <intc_interrupt_is_enabled+0x5c>
    42d8:	9c a0 00 01 	l.addi r5,r0,0x1
	ASSERT(intno < IRQ_SOUCE_MAX);

	/* get interrupt enabled status which number is intno */
	if (intno <= 31)
		enable_status = pintc_regs->enable & (1 << intno);
	else if (intno > 31 && intno <= 63)
    42dc:	9c a3 ff e0 	l.addi r5,r3,0xffffffe0
    42e0:	18 80 00 01 	l.movhi r4,0x1
    42e4:	bc 45 00 1f 	l.sfgtui r5,0x1f
    42e8:	10 00 00 07 	l.bf 4304 <intc_interrupt_is_enabled+0x4c>
    42ec:	a8 84 35 fc 	l.ori r4,r4,0x35fc
		enable_status = pintc_regs->enable1 & (1 << (intno - 32));
    42f0:	84 64 00 00 	l.lwz r3,0x0(r4)
    42f4:	84 83 00 44 	l.lwz r4,0x44(r3)
    42f8:	9c 60 00 01 	l.addi r3,r0,0x1
    42fc:	00 00 00 07 	l.j 4318 <intc_interrupt_is_enabled+0x60>
    4300:	e0 63 28 08 	l.sll r3,r3,r5
	else
		enable_status = pintc_regs->enable2 & (1 << (intno - 64));
    4304:	84 84 00 00 	l.lwz r4,0x0(r4)
    4308:	9c 63 ff c0 	l.addi r3,r3,0xffffffc0
    430c:	84 84 00 48 	l.lwz r4,0x48(r4)
    4310:	9c a0 00 01 	l.addi r5,r0,0x1
    4314:	e0 65 18 08 	l.sll r3,r5,r3
    4318:	e0 63 20 03 	l.and r3,r3,r4

	return (!!enable_status);
    431c:	e0 80 18 02 	l.sub r4,r0,r3
    4320:	e0 64 18 04 	l.or r3,r4,r3
}
    4324:	44 00 48 00 	l.jr r9
    4328:	b9 63 00 5f 	l.srli r11,r3,0x1f

0000432c <intc_get_current_interrupt>:
*/
u32 intc_get_current_interrupt(void)
{
	volatile u32 interrupt;

	interrupt = (u32) ((pintc_regs->vector) >> 2);
    432c:	18 60 00 01 	l.movhi r3,0x1
*
* Note       :
*********************************************************************************************************
*/
u32 intc_get_current_interrupt(void)
{
    4330:	9c 21 ff fc 	l.addi r1,r1,0xfffffffc
	volatile u32 interrupt;

	interrupt = (u32) ((pintc_regs->vector) >> 2);
    4334:	a8 63 35 fc 	l.ori r3,r3,0x35fc
    4338:	84 63 00 00 	l.lwz r3,0x0(r3)
    433c:	84 63 00 00 	l.lwz r3,0x0(r3)
    4340:	b8 63 00 42 	l.srli r3,r3,0x2
    4344:	d4 01 18 00 	l.sw 0x0(r1),r3

	return interrupt;
}
    4348:	85 61 00 00 	l.lwz r11,0x0(r1)
    434c:	44 00 48 00 	l.jr r9
    4350:	9c 21 00 04 	l.addi r1,r1,0x4

00004354 <intc_set_mask>:
s32 intc_set_mask(u32 intno, u32 mask)
{
	/* intno can't beyond then IRQ_SOURCE_MAX */
	ASSERT(intno < IRQ_SOUCE_MAX);
	/* enable interrupt which number is intno */
	if (intno <= 31) {
    4354:	bc 43 00 1f 	l.sfgtui r3,0x1f
    4358:	10 00 00 11 	l.bf 439c <intc_set_mask+0x48>
    435c:	9c c3 ff e0 	l.addi r6,r3,0xffffffe0
		pintc_regs->mask &= ~(1 << intno);
    4360:	18 a0 00 01 	l.movhi r5,0x1
    4364:	9c c0 00 01 	l.addi r6,r0,0x1
    4368:	a8 a5 35 fc 	l.ori r5,r5,0x35fc
    436c:	e0 c6 18 08 	l.sll r6,r6,r3
    4370:	84 a5 00 00 	l.lwz r5,0x0(r5)
		pintc_regs->mask |= (mask << intno);
    4374:	e0 64 18 08 	l.sll r3,r4,r3
{
	/* intno can't beyond then IRQ_SOURCE_MAX */
	ASSERT(intno < IRQ_SOUCE_MAX);
	/* enable interrupt which number is intno */
	if (intno <= 31) {
		pintc_regs->mask &= ~(1 << intno);
    4378:	84 e5 00 50 	l.lwz r7,0x50(r5)
    437c:	ac c6 ff ff 	l.xori r6,r6,0xffffffff
    4380:	e0 c6 38 03 	l.and r6,r6,r7
    4384:	d4 05 30 50 	l.sw 0x50(r5),r6
		pintc_regs->mask |= (mask << intno);
    4388:	84 c5 00 50 	l.lwz r6,0x50(r5)
    438c:	e0 63 30 04 	l.or r3,r3,r6
    4390:	d4 05 18 50 	l.sw 0x50(r5),r3
		pintc_regs->mask2 &= ~(1 << (intno - 64));
		pintc_regs->mask2 |= (mask << intno);
	}

	return OK;
}
    4394:	00 00 00 1f 	l.j 4410 <intc_set_mask+0xbc>
    4398:	9d 60 00 00 	l.addi r11,r0,0x0
    439c:	18 a0 00 01 	l.movhi r5,0x1
	ASSERT(intno < IRQ_SOUCE_MAX);
	/* enable interrupt which number is intno */
	if (intno <= 31) {
		pintc_regs->mask &= ~(1 << intno);
		pintc_regs->mask |= (mask << intno);
	} else if (intno > 31 && intno <= 63) {
    43a0:	bc 46 00 1f 	l.sfgtui r6,0x1f
    43a4:	a8 a5 35 fc 	l.ori r5,r5,0x35fc
    43a8:	10 00 00 0e 	l.bf 43e0 <intc_set_mask+0x8c>
    43ac:	e0 84 18 08 	l.sll r4,r4,r3
		pintc_regs->mask1 &= ~(1 << (intno - 32));
    43b0:	9c e0 00 01 	l.addi r7,r0,0x1
    43b4:	84 a5 00 00 	l.lwz r5,0x0(r5)
    43b8:	e0 c7 30 08 	l.sll r6,r7,r6
    43bc:	84 65 00 54 	l.lwz r3,0x54(r5)
    43c0:	ac c6 ff ff 	l.xori r6,r6,0xffffffff
    43c4:	e0 c6 18 03 	l.and r6,r6,r3
    43c8:	d4 05 30 54 	l.sw 0x54(r5),r6
		pintc_regs->mask1 |= (mask << intno);
    43cc:	84 65 00 54 	l.lwz r3,0x54(r5)
    43d0:	e0 84 18 04 	l.or r4,r4,r3
    43d4:	d4 05 20 54 	l.sw 0x54(r5),r4
		pintc_regs->mask2 &= ~(1 << (intno - 64));
		pintc_regs->mask2 |= (mask << intno);
	}

	return OK;
}
    43d8:	00 00 00 0e 	l.j 4410 <intc_set_mask+0xbc>
    43dc:	9d 60 00 00 	l.addi r11,r0,0x0
		pintc_regs->mask |= (mask << intno);
	} else if (intno > 31 && intno <= 63) {
		pintc_regs->mask1 &= ~(1 << (intno - 32));
		pintc_regs->mask1 |= (mask << intno);
	} else {
		pintc_regs->mask2 &= ~(1 << (intno - 64));
    43e0:	9c 63 ff c0 	l.addi r3,r3,0xffffffc0
    43e4:	9c e0 00 01 	l.addi r7,r0,0x1
    43e8:	84 a5 00 00 	l.lwz r5,0x0(r5)
    43ec:	e0 67 18 08 	l.sll r3,r7,r3
    43f0:	84 c5 00 58 	l.lwz r6,0x58(r5)
    43f4:	ac 63 ff ff 	l.xori r3,r3,0xffffffff
    43f8:	e0 63 30 03 	l.and r3,r3,r6
    43fc:	d4 05 18 58 	l.sw 0x58(r5),r3
		pintc_regs->mask2 |= (mask << intno);
    4400:	84 65 00 58 	l.lwz r3,0x58(r5)
    4404:	e0 84 18 04 	l.or r4,r4,r3
    4408:	d4 05 20 58 	l.sw 0x58(r5),r4
	}

	return OK;
}
    440c:	9d 60 00 00 	l.addi r11,r0,0x0
    4410:	44 00 48 00 	l.jr r9
    4414:	15 00 00 00 	l.nop 0x0

00004418 <intc_set_group_config>:

s32 intc_set_group_config(u32 grp_irq_num, u32 mask)
{
	if (grp_irq_num <= 31) {
    4418:	bc 43 00 1f 	l.sfgtui r3,0x1f
    441c:	10 00 00 11 	l.bf 4460 <intc_set_group_config+0x48>
    4420:	9c c3 ff e0 	l.addi r6,r3,0xffffffe0
		pintc_regs->group_config0 &= ~(1 << grp_irq_num);
    4424:	18 a0 00 01 	l.movhi r5,0x1
    4428:	9c c0 00 01 	l.addi r6,r0,0x1
    442c:	a8 a5 35 fc 	l.ori r5,r5,0x35fc
    4430:	e0 c6 18 08 	l.sll r6,r6,r3
    4434:	84 a5 00 00 	l.lwz r5,0x0(r5)
		pintc_regs->group_config0 |= (mask << grp_irq_num);
    4438:	e0 64 18 08 	l.sll r3,r4,r3
}

s32 intc_set_group_config(u32 grp_irq_num, u32 mask)
{
	if (grp_irq_num <= 31) {
		pintc_regs->group_config0 &= ~(1 << grp_irq_num);
    443c:	84 e5 00 c0 	l.lwz r7,0xc0(r5)
    4440:	ac c6 ff ff 	l.xori r6,r6,0xffffffff
    4444:	e0 c6 38 03 	l.and r6,r6,r7
    4448:	d4 05 30 c0 	l.sw 0xc0(r5),r6
		pintc_regs->group_config0 |= (mask << grp_irq_num);
    444c:	84 c5 00 c0 	l.lwz r6,0xc0(r5)
    4450:	e0 63 30 04 	l.or r3,r3,r6
    4454:	d4 05 18 c0 	l.sw 0xc0(r5),r3
		pintc_regs->group_config3 &= ~(1 << (grp_irq_num - 64));
		pintc_regs->group_config3 |= (mask << grp_irq_num);
	}

	return OK;
}
[...]
   11e14:	84 a1 00 04 	l.lwz r5,0x4(r1)
   11e18:	e0 84 20 00 	l.add r4,r4,r4
   11e1c:	e0 a5 10 03 	l.and r5,r5,r2
   11e20:	d4 01 28 04 	l.sw 0x4(r1),r5
   11e24:	84 a1 00 04 	l.lwz r5,0x4(r1)
   11e28:	e0 84 28 04 	l.or r4,r4,r5
   11e2c:	d4 01 20 04 	l.sw 0x4(r1),r4
   11e30:	84 81 00 04 	l.lwz r4,0x4(r1)
   11e34:	d4 03 20 00 	l.sw 0x0(r3),r4
   11e38:	00 00 00 32 	l.j 11f00 <ccu_set_poweroff_gating_state_ext+0x140>
   11e3c:	9d 60 00 00 	l.addi r11,r0,0x0
   11e40:	18 60 07 00 	l.movhi r3,0x700
   11e44:	03 ff ff f0 	l.j 11e04 <ccu_set_poweroff_gating_state_ext+0x44>
   11e48:	a8 63 04 78 	l.ori r3,r3,0x478
   11e4c:	18 60 07 00 	l.movhi r3,0x700
   11e50:	03 ff ff ed 	l.j 11e04 <ccu_set_poweroff_gating_state_ext+0x44>
   11e54:	a8 63 04 7c 	l.ori r3,r3,0x47c
   11e58:	18 60 07 00 	l.movhi r3,0x700
   11e5c:	9c 40 ff ef 	l.addi r2,r0,0xffffffef
   11e60:	a8 63 04 44 	l.ori r3,r3,0x444
   11e64:	a4 84 00 01 	l.andi r4,r4,0x1
   11e68:	84 a3 00 00 	l.lwz r5,0x0(r3)
   11e6c:	b8 84 00 04 	l.slli r4,r4,0x4
   11e70:	d4 01 28 04 	l.sw 0x4(r1),r5
   11e74:	84 a1 00 04 	l.lwz r5,0x4(r1)
   11e78:	e0 a5 10 03 	l.and r5,r5,r2
   11e7c:	d4 01 28 04 	l.sw 0x4(r1),r5
   11e80:	84 a1 00 04 	l.lwz r5,0x4(r1)
   11e84:	03 ff ff ea 	l.j 11e2c <ccu_set_poweroff_gating_state_ext+0x6c>
   11e88:	e0 84 28 04 	l.or r4,r4,r5
   11e8c:	18 60 00 01 	l.movhi r3,0x1
   11e90:	a4 84 00 01 	l.andi r4,r4,0x1
   11e94:	a8 63 37 d8 	l.ori r3,r3,0x37d8
   11e98:	9c 40 ff fb 	l.addi r2,r0,0xfffffffb
   11e9c:	84 63 00 00 	l.lwz r3,0x0(r3)
   11ea0:	b8 84 00 02 	l.slli r4,r4,0x2
   11ea4:	84 a3 02 50 	l.lwz r5,0x250(r3)
   11ea8:	e0 a5 10 03 	l.and r5,r5,r2
   11eac:	e0 85 20 04 	l.or r4,r5,r4
   11eb0:	d4 03 22 50 	l.sw 0x250(r3),r4
   11eb4:	00 00 00 13 	l.j 11f00 <ccu_set_poweroff_gating_state_ext+0x140>
   11eb8:	9d 60 00 00 	l.addi r11,r0,0x0
   11ebc:	18 60 00 01 	l.movhi r3,0x1
   11ec0:	9c 40 ff fe 	l.addi r2,r0,0xfffffffe
   11ec4:	a8 63 37 d8 	l.ori r3,r3,0x37d8
   11ec8:	a4 84 00 01 	l.andi r4,r4,0x1
   11ecc:	84 63 00 00 	l.lwz r3,0x0(r3)
   11ed0:	84 a3 02 54 	l.lwz r5,0x254(r3)
   11ed4:	e0 a5 10 03 	l.and r5,r5,r2
   11ed8:	e0 85 20 04 	l.or r4,r5,r4
   11edc:	d4 03 22 54 	l.sw 0x254(r3),r4
   11ee0:	00 00 00 08 	l.j 11f00 <ccu_set_poweroff_gating_state_ext+0x140>
   11ee4:	9d 60 00 00 	l.addi r11,r0,0x0
   11ee8:	18 80 00 01 	l.movhi r4,0x1
   11eec:	d4 01 18 00 	l.sw 0x0(r1),r3
   11ef0:	a8 84 30 38 	l.ori r4,r4,0x3038
   11ef4:	07 ff e0 31 	l.jal 9fb8 <debugger_printf>
   11ef8:	9c 60 00 04 	l.addi r3,r0,0x4
   11efc:	9d 60 ff ea 	l.addi r11,r0,0xffffffea
   11f00:	9c 21 00 10 	l.addi r1,r1,0x10
   11f04:	85 21 ff fc 	l.lwz r9,0xfffffffc(r1)
   11f08:	44 00 48 00 	l.jr r9
   11f0c:	84 41 ff f8 	l.lwz r2,0xfffffff8(r1)

00011f10 <ccu_24mhosc_reg_cb>:
   11f10:	d7 e1 4f fc 	l.sw 0xfffffffc(r1),r9
   11f14:	9c 21 ff fc 	l.addi r1,r1,0xfffffffc
   11f18:	a8 83 00 00 	l.ori r4,r3,0x0
   11f1c:	9c 21 00 04 	l.addi r1,r1,0x4
   11f20:	18 60 00 01 	l.movhi r3,0x1
   11f24:	85 21 ff fc 	l.lwz r9,0xfffffffc(r1)
   11f28:	03 ff df 04 	l.j 9b38 <notifier_insert>
   11f2c:	a8 63 35 f0 	l.ori r3,r3,0x35f0

00011f30 <ccu_24mhosc_disable>:
   11f30:	18 60 00 01 	l.movhi r3,0x1
   11f34:	9c 80 00 01 	l.addi r4,r0,0x1
   11f38:	a8 63 35 f4 	l.ori r3,r3,0x35f4
   11f3c:	d7 e1 4f fc 	l.sw 0xfffffffc(r1),r9
   11f40:	d7 e1 17 f8 	l.sw 0xfffffff8(r1),r2
   11f44:	d4 03 20 00 	l.sw 0x0(r3),r4
   11f48:	18 60 00 01 	l.movhi r3,0x1
   11f4c:	9c 21 ff f8 	l.addi r1,r1,0xfffffff8
   11f50:	a8 63 35 f0 	l.ori r3,r3,0x35f0
   11f54:	9c a0 00 00 	l.addi r5,r0,0x0
   11f58:	07 ff df 51 	l.jal 9c9c <notifier_notify>
   11f5c:	18 40 a7 00 	l.movhi r2,0xa700
   11f60:	18 60 07 01 	l.movhi r3,0x701
   11f64:	18 80 00 01 	l.movhi r4,0x1
   11f68:	a8 63 02 44 	l.ori r3,r3,0x244
   11f6c:	a8 84 35 f8 	l.ori r4,r4,0x35f8
   11f70:	84 a3 00 00 	l.lwz r5,0x0(r3)
   11f74:	b8 a5 00 50 	l.srli r5,r5,0x10
   11f78:	a4 a5 00 07 	l.andi r5,r5,0x7
   11f7c:	d4 04 28 00 	l.sw 0x0(r4),r5
   11f80:	84 83 00 00 	l.lwz r4,0x0(r3)
   11f84:	e0 84 10 04 	l.or r4,r4,r2
   11f88:	d4 03 20 00 	l.sw 0x0(r3),r4
   11f8c:	84 83 00 00 	l.lwz r4,0x0(r3)
   11f90:	e0 84 10 04 	l.or r4,r4,r2
   11f94:	9c 40 ff fe 	l.addi r2,r0,0xfffffffe
   11f98:	e0 84 10 03 	l.and r4,r4,r2
   11f9c:	9c 40 ff fd 	l.addi r2,r0,0xfffffffd
   11fa0:	d4 03 20 00 	l.sw 0x0(r3),r4
   11fa4:	07 ff cc ce 	l.jal 52dc <time_cdelay>
   11fa8:	9c 60 00 14 	l.addi r3,r0,0x14
   11fac:	18 60 07 00 	l.movhi r3,0x700
   11fb0:	9d 60 00 00 	l.addi r11,r0,0x0
   11fb4:	a8 63 01 60 	l.ori r3,r3,0x160
   11fb8:	84 83 00 00 	l.lwz r4,0x0(r3)
   11fbc:	e0 84 10 03 	l.and r4,r4,r2
   11fc0:	d4 03 20 00 	l.sw 0x0(r3),r4
   11fc4:	9c 21 00 08 	l.addi r1,r1,0x8
   11fc8:	85 21 ff fc 	l.lwz r9,0xfffffffc(r1)
   11fcc:	44 00 48 00 	l.jr r9
   11fd0:	84 41 ff f8 	l.lwz r2,0xfffffff8(r1)

00011fd4 <ccu_24mhosc_enable>:
   11fd4:	d7 e1 17 f8 	l.sw 0xfffffff8(r1),r2
   11fd8:	18 40 07 00 	l.movhi r2,0x700
   11fdc:	d7 e1 4f fc 	l.sw 0xfffffffc(r1),r9
   11fe0:	a8 42 01 60 	l.ori r2,r2,0x160
   11fe4:	9c 21 ff f8 	l.addi r1,r1,0xfffffff8
   11fe8:	84 62 00 00 	l.lwz r3,0x0(r2)
   11fec:	a8 63 00 02 	l.ori r3,r3,0x2
   11ff0:	d4 02 18 00 	l.sw 0x0(r2),r3
   11ff4:	18 40 07 01 	l.movhi r2,0x701
   11ff8:	9c 60 00 04 	l.addi r3,r0,0x4
   11ffc:	07 ff cc 44 	l.jal 510c <time_mdelay>
   12000:	a8 42 02 44 	l.ori r2,r2,0x244
   12004:	84 62 00 00 	l.lwz r3,0x0(r2)
   12008:	18 80 a7 00 	l.movhi r4,0xa700
   1200c:	e0 63 20 04 	l.or r3,r3,r4
   12010:	a8 84 00 01 	l.ori r4,r4,0x1
   12014:	d4 02 18 00 	l.sw 0x0(r2),r3
   12018:	84 62 00 00 	l.lwz r3,0x0(r2)
   1201c:	e0 63 20 04 	l.or r3,r3,r4
   12020:	d4 02 18 00 	l.sw 0x0(r2),r3
   12024:	d4 02 18 00 	l.sw 0x0(r2),r3
   12028:	07 ff cc 39 	l.jal 510c <time_mdelay>
   1202c:	9c 60 00 02 	l.addi r3,r0,0x2
   12030:	84 62 00 00 	l.lwz r3,0x0(r2)
   12034:	18 80 a7 00 	l.movhi r4,0xa700
   12038:	e0 63 20 04 	l.or r3,r3,r4
   1203c:	d4 02 18 00 	l.sw 0x0(r2),r3
   12040:	84 62 00 00 	l.lwz r3,0x0(r2)
   12044:	e0 63 20 04 	l.or r3,r3,r4
   12048:	18 80 ff f8 	l.movhi r4,0xfff8
   1204c:	a8 84 ff ff 	l.ori r4,r4,0xffff
   12050:	e0 63 20 03 	l.and r3,r3,r4
   12054:	18 80 00 01 	l.movhi r4,0x1
   12058:	a8 84 35 f8 	l.ori r4,r4,0x35f8
   1205c:	84 84 00 00 	l.lwz r4,0x0(r4)
   12060:	b8 84 00 10 	l.slli r4,r4,0x10
   12064:	e0 63 20 04 	l.or r3,r3,r4
   12068:	d4 02 18 00 	l.sw 0x0(r2),r3
   1206c:	9c 60 00 02 	l.addi r3,r0,0x2
   12070:	07 ff cc 27 	l.jal 510c <time_mdelay>
   12074:	18 40 00 01 	l.movhi r2,0x1
   12078:	9c 80 00 00 	l.addi r4,r0,0x0
   1207c:	18 60 00 01 	l.movhi r3,0x1
   12080:	a8 a4 00 00 	l.ori r5,r4,0x0
   12084:	a8 63 35 f0 	l.ori r3,r3,0x35f0
   12088:	07 ff df 05 	l.jal 9c9c <notifier_notify>
   1208c:	a8 42 35 f4 	l.ori r2,r2,0x35f4
   12090:	9c 60 00 00 	l.addi r3,r0,0x0
   12094:	d4 02 18 00 	l.sw 0x0(r2),r3
   12098:	9c 21 00 08 	l.addi r1,r1,0x8
   1209c:	a9 63 00 00 	l.ori r11,r3,0x0
   120a0:	85 21 ff fc 	l.lwz r9,0xfffffffc(r1)
   120a4:	44 00 48 00 	l.jr r9
   120a8:	84 41 ff f8 	l.lwz r2,0xfffffff8(r1)

000120ac <is_hosc_lock>:
   120ac:	18 60 00 01 	l.movhi r3,0x1
   120b0:	a8 63 35 f4 	l.ori r3,r3,0x35f4
   120b4:	44 00 48 00 	l.jr r9
   120b8:	85 63 00 00 	l.lwz r11,0x0(r3)

000120bc <ccu_set_mclk_reset>:
   120bc:	d7 e1 4f fc 	l.sw 0xfffffffc(r1),r9
   120c0:	d7 e1 17 f8 	l.sw 0xfffffff8(r1),r2
   120c4:	bc 03 00 21 	l.sfeqi r3,0x21
   120c8:	10 00 00 77 	l.bf 122a4 <ccu_set_mclk_reset+0x1e8>
   120cc:	9c 21 ff f4 	l.addi r1,r1,0xfffffff4
   120d0:	bc 43 00 21 	l.sfgtui r3,0x21
   120d4:	10 00 00 14 	l.bf 12124 <ccu_set_mclk_reset+0x68>
   120d8:	bc 03 00 2c 	l.sfeqi r3,0x2c
   120dc:	bc 03 00 19 	l.sfeqi r3,0x19
   120e0:	10 00 00 64 	l.bf 12270 <ccu_set_mclk_reset+0x1b4>
   120e4:	bc 43 00 19 	l.sfgtui r3,0x19
   120e8:	10 00 00 09 	l.bf 1210c <ccu_set_mclk_reset+0x50>
   120ec:	bc 03 00 1a 	l.sfeqi r3,0x1a
   120f0:	bc 03 00 10 	l.sfeqi r3,0x10
   120f4:	10 00 00 90 	l.bf 12334 <ccu_set_mclk_reset+0x278>
   120f8:	bc 03 00 11 	l.sfeqi r3,0x11
   120fc:	0c 00 00 9b 	l.bnf 12368 <ccu_set_mclk_reset+0x2ac>
   12100:	15 00 00 00 	l.nop 0x0
   12104:	00 00 00 8f 	l.j 12340 <ccu_set_mclk_reset+0x284>
   12108:	18 60 03 00 	l.movhi r3,0x300
   1210c:	10 00 00 26 	l.bf 121a4 <ccu_set_mclk_reset+0xe8>
   12110:	bc 03 00 1f 	l.sfeqi r3,0x1f
   12114:	0c 00 00 95 	l.bnf 12368 <ccu_set_mclk_reset+0x2ac>
   12118:	15 00 00 00 	l.nop 0x0
   1211c:	00 00 00 2f 	l.j 121d8 <ccu_set_mclk_reset+0x11c>
   12120:	18 60 00 01 	l.movhi r3,0x1
   12124:	10 00 00 79 	l.bf 12308 <ccu_set_mclk_reset+0x24c>
   12128:	bc 43 00 2c 	l.sfgtui r3,0x2c
   1212c:	10 00 00 09 	l.bf 12150 <ccu_set_mclk_reset+0x94>
   12130:	bc 03 00 37 	l.sfeqi r3,0x37
   12134:	bc 03 00 22 	l.sfeqi r3,0x22
   12138:	10 00 00 0e 	l.bf 12170 <ccu_set_mclk_reset+0xb4>
   1213c:	bc 03 00 26 	l.sfeqi r3,0x26
   12140:	0c 00 00 8a 	l.bnf 12368 <ccu_set_mclk_reset+0x2ac>
   12144:	15 00 00 00 	l.nop 0x0
   12148:	00 00 00 64 	l.j 122d8 <ccu_set_mclk_reset+0x21c>
   1214c:	18 60 00 01 	l.movhi r3,0x1
   12150:	10 00 00 2e 	l.bf 12208 <ccu_set_mclk_reset+0x14c>
   12154:	bc 03 00 38 	l.sfeqi r3,0x38
   12158:	10 00 00 39 	l.bf 1223c <ccu_set_mclk_reset+0x180>
   1215c:	bc 03 00 33 	l.sfeqi r3,0x33
   12160:	0c 00 00 82 	l.bnf 12368 <ccu_set_mclk_reset+0x2ac>
   12164:	15 00 00 00 	l.nop 0x0
   12168:	00 00 00 43 	l.j 12274 <ccu_set_mclk_reset+0x1b8>
   1216c:	18 60 00 01 	l.movhi r3,0x1
   12170:	18 60 00 01 	l.movhi r3,0x1
   12174:	18 40 ff fe 	l.movhi r2,0xfffe
   12178:	a8 63 37 d8 	l.ori r3,r3,0x37d8
   1217c:	a4 84 00 01 	l.andi r4,r4,0x1
   12180:	84 63 00 00 	l.lwz r3,0x0(r3)
   12184:	a8 42 ff ff 	l.ori r2,r2,0xffff
   12188:	84 a3 01 9c 	l.lwz r5,0x19c(r3)
   1218c:	b8 84 00 10 	l.slli r4,r4,0x10
   12190:	e0 a5 10 03 	l.and r5,r5,r2
   12194:	e0 85 20 04 	l.or r4,r5,r4
   12198:	d4 03 21 9c 	l.sw 0x19c(r3),r4
   1219c:	00 00 00 79 	l.j 12380 <ccu_set_mclk_reset+0x2c4>
   121a0:	9d 60 00 00 	l.addi r11,r0,0x0
   121a4:	18 60 00 01 	l.movhi r3,0x1
   121a8:	18 40 ff fe 	l.movhi r2,0xfffe
   121ac:	a8 63 37 d8 	l.ori r3,r3,0x37d8
   121b0:	a4 84 00 01 	l.andi r4,r4,0x1
   121b4:	84 63 00 00 	l.lwz r3,0x0(r3)
   121b8:	a8 42 ff ff 	l.ori r2,r2,0xffff
   121bc:	84 a3 01 8c 	l.lwz r5,0x18c(r3)
   121c0:	b8 84 00 10 	l.slli r4,r4,0x10
   121c4:	e0 a5 10 03 	l.and r5,r5,r2
   121c8:	e0 85 20 04 	l.or r4,r5,r4
   121cc:	d4 03 21 8c 	l.sw 0x18c(r3),r4
   121d0:	00 00 00 6c 	l.j 12380 <ccu_set_mclk_reset+0x2c4>
   121d4:	9d 60 00 00 	l.addi r11,r0,0x0
   121d8:	18 40 ff fe 	l.movhi r2,0xfffe
   121dc:	a8 63 37 d8 	l.ori r3,r3,0x37d8
   121e0:	a4 84 00 01 	l.andi r4,r4,0x1
   121e4:	84 63 00 00 	l.lwz r3,0x0(r3)
   121e8:	a8 42 ff ff 	l.ori r2,r2,0xffff
   121ec:	84 a3 01 1c 	l.lwz r5,0x11c(r3)
   121f0:	b8 84 00 10 	l.slli r4,r4,0x10
   121f4:	e0 a5 10 03 	l.and r5,r5,r2
   121f8:	e0 85 20 04 	l.or r4,r5,r4
   121fc:	d4 03 21 1c 	l.sw 0x11c(r3),r4
   12200:	00 00 00 60 	l.j 12380 <ccu_set_mclk_reset+0x2c4>
   12204:	9d 60 00 00 	l.addi r11,r0,0x0
   12208:	18 60 00 01 	l.movhi r3,0x1
   1220c:	18 40 ff fe 	l.movhi r2,0xfffe
   12210:	a8 63 37 d8 	l.ori r3,r3,0x37d8
   12214:	a4 84 00 01 	l.andi r4,r4,0x1
   12218:	84 63 00 00 	l.lwz r3,0x0(r3)
   1221c:	a8 42 ff ff 	l.ori r2,r2,0xffff
   12220:	84 a3 01 2c 	l.lwz r5,0x12c(r3)
   12224:	b8 84 00 10 	l.slli r4,r4,0x10
   12228:	e0 a5 10 03 	l.and r5,r5,r2
   1222c:	e0 85 20 04 	l.or r4,r5,r4
   12230:	d4 03 21 2c 	l.sw 0x12c(r3),r4
   12234:	00 00 00 53 	l.j 12380 <ccu_set_mclk_reset+0x2c4>
   12238:	9d 60 00 00 	l.addi r11,r0,0x0
   1223c:	18 60 00 01 	l.movhi r3,0x1
   12240:	18 40 ff fe 	l.movhi r2,0xfffe
   12244:	a8 63 37 d8 	l.ori r3,r3,0x37d8
   12248:	a4 84 00 01 	l.andi r4,r4,0x1
   1224c:	84 63 00 00 	l.lwz r3,0x0(r3)
   12250:	a8 42 ff ff 	l.ori r2,r2,0xffff
   12254:	84 a3 01 3c 	l.lwz r5,0x13c(r3)
   12258:	b8 84 00 10 	l.slli r4,r4,0x10
   1225c:	e0 a5 10 03 	l.and r5,r5,r2
   12260:	e0 85 20 04 	l.or r4,r5,r4
   12264:	d4 03 21 3c 	l.sw 0x13c(r3),r4
   12268:	00 00 00 46 	l.j 12380 <ccu_set_mclk_reset+0x2c4>
   1226c:	9d 60 00 00 	l.addi r11,r0,0x0
   12270:	18 60 00 01 	l.movhi r3,0x1
   12274:	18 40 ff fe 	l.movhi r2,0xfffe
   12278:	a8 63 37 d8 	l.ori r3,r3,0x37d8
   1227c:	a4 84 00 01 	l.andi r4,r4,0x1
   12280:	84 63 00 00 	l.lwz r3,0x0(r3)
   12284:	a8 42 ff ff 	l.ori r2,r2,0xffff
   12288:	84 a3 01 ec 	l.lwz r5,0x1ec(r3)
   1228c:	b8 84 00 10 	l.slli r4,r4,0x10
   12290:	e0 a5 10 03 	l.and r5,r5,r2
   12294:	e0 85 20 04 	l.or r4,r5,r4
   12298:	d4 03 21 ec 	l.sw 0x1ec(r3),r4
   1229c:	00 00 00 39 	l.j 12380 <ccu_set_mclk_reset+0x2c4>
   122a0:	9d 60 00 00 	l.addi r11,r0,0x0
   122a4:	18 60 00 01 	l.movhi r3,0x1
   122a8:	18 40 ff fe 	l.movhi r2,0xfffe
   122ac:	a8 63 37 d8 	l.ori r3,r3,0x37d8
   122b0:	a4 84 00 01 	l.andi r4,r4,0x1
   122b4:	84 63 00 00 	l.lwz r3,0x0(r3)
   122b8:	a8 42 ff ff 	l.ori r2,r2,0xffff
   122bc:	84 a3 01 bc 	l.lwz r5,0x1bc(r3)
   122c0:	b8 84 00 10 	l.slli r4,r4,0x10
   122c4:	e0 a5 10 03 	l.and r5,r5,r2
   122c8:	e0 85 20 04 	l.or r4,r5,r4
   122cc:	d4 03 21 bc 	l.sw 0x1bc(r3),r4
   122d0:	00 00 00 2c 	l.j 12380 <ccu_set_mclk_reset+0x2c4>
   122d4:	9d 60 00 00 	l.addi r11,r0,0x0
   122d8:	18 40 ff fe 	l.movhi r2,0xfffe
   122dc:	a8 63 37 d8 	l.ori r3,r3,0x37d8
   122e0:	a4 84 00 01 	l.andi r4,r4,0x1
   122e4:	84 63 00 00 	l.lwz r3,0x0(r3)
   122e8:	a8 42 ff ff 	l.ori r2,r2,0xffff
   122ec:	84 a3 01 cc 	l.lwz r5,0x1cc(r3)
   122f0:	b8 84 00 10 	l.slli r4,r4,0x10
   122f4:	e0 a5 10 03 	l.and r5,r5,r2
   122f8:	e0 85 20 04 	l.or r4,r5,r4
   122fc:	d4 03 21 cc 	l.sw 0x1cc(r3),r4
   12300:	00 00 00 20 	l.j 12380 <ccu_set_mclk_reset+0x2c4>
   12304:	9d 60 00 00 	l.addi r11,r0,0x0
   12308:	18 60 00 01 	l.movhi r3,0x1
   1230c:	9c 40 ff fe 	l.addi r2,r0,0xfffffffe
   12310:	a8 63 37 d8 	l.ori r3,r3,0x37d8
   12314:	a4 84 00 01 	l.andi r4,r4,0x1
   12318:	84 63 00 00 	l.lwz r3,0x0(r3)
   1231c:	84 a3 02 60 	l.lwz r5,0x260(r3)
   12320:	e0 a5 10 03 	l.and r5,r5,r2
   12324:	e0 85 20 04 	l.or r4,r5,r4
   12328:	d4 03 22 60 	l.sw 0x260(r3),r4
   1232c:	00 00 00 15 	l.j 12380 <ccu_set_mclk_reset+0x2c4>
   12330:	9d 60 00 00 	l.addi r11,r0,0x0
   12334:	18 60 03 00 	l.movhi r3,0x300
   12338:	00 00 00 03 	l.j 12344 <ccu_set_mclk_reset+0x288>
   1233c:	a8 63 17 2c 	l.ori r3,r3,0x172c
   12340:	a8 63 17 1c 	l.ori r3,r3,0x171c
   12344:	18 40 ff fe 	l.movhi r2,0xfffe
   12348:	84 a3 00 00 	l.lwz r5,0x0(r3)
   1234c:	a8 42 ff ff 	l.ori r2,r2,0xffff
   12350:	b8 84 00 10 	l.slli r4,r4,0x10
   12354:	e0 a5 10 03 	l.and r5,r5,r2
   12358:	e0 84 28 04 	l.or r4,r4,r5
   1235c:	d4 03 20 00 	l.sw 0x0(r3),r4
   12360:	00 00 00 08 	l.j 12380 <ccu_set_mclk_reset+0x2c4>
   12364:	9d 60 00 00 	l.addi r11,r0,0x0
   12368:	18 80 00 01 	l.movhi r4,0x1
   1236c:	d4 01 18 00 	l.sw 0x0(r1),r3
   12370:	a8 84 30 78 	l.ori r4,r4,0x3078
   12374:	07 ff df 11 	l.jal 9fb8 <debugger_printf>
   12378:	9c 60 00 04 	l.addi r3,r0,0x4
   1237c:	9d 60 ff ea 	l.addi r11,r0,0xffffffea
   12380:	9c 21 00 0c 	l.addi r1,r1,0xc
   12384:	85 21 ff fc 	l.lwz r9,0xfffffffc(r1)
   12388:	44 00 48 00 	l.jr r9
   1238c:	84 41 ff f8 	l.lwz r2,0xfffffff8(r1)

00012390 <ccu_reset_module>:
   12390:	d7 e1 4f fc 	l.sw 0xfffffffc(r1),r9
   12394:	d7 e1 17 f8 	l.sw 0xfffffff8(r1),r2
   12398:	9c 80 00 00 	l.addi r4,r0,0x0
   1239c:	9c 21 ff f8 	l.addi r1,r1,0xfffffff8
   123a0:	07 ff ff 47 	l.jal 120bc <ccu_set_mclk_reset>
   123a4:	a8 43 00 00 	l.ori r2,r3,0x0
   123a8:	a8 62 00 00 	l.ori r3,r2,0x0
   123ac:	07 ff ff 44 	l.jal 120bc <ccu_set_mclk_reset>
   123b0:	9c 80 00 01 	l.addi r4,r0,0x1
   123b4:	9c 21 00 08 	l.addi r1,r1,0x8
   123b8:	9d 60 00 00 	l.addi r11,r0,0x0
   123bc:	85 21 ff fc 	l.lwz r9,0xfffffffc(r1)
   123c0:	44 00 48 00 	l.jr r9
   123c4:	84 41 ff f8 	l.lwz r2,0xfffffff8(r1)

000123c8 <ccu_get_sclk_freq>:
   123c8:	d7 e1 4f fc 	l.sw 0xfffffffc(r1),r9
   123cc:	bc 03 00 11 	l.sfeqi r3,0x11
   123d0:	10 00 00 07 	l.bf 123ec <ccu_get_sclk_freq+0x24>
   123d4:	9c 21 ff fc 	l.addi r1,r1,0xfffffffc
   123d8:	bc 03 00 24 	l.sfeqi r3,0x24
   123dc:	0c 00 00 20 	l.bnf 1245c <ccu_get_sclk_freq+0x94>
   123e0:	18 80 00 01 	l.movhi r4,0x1
   123e4:	00 00 00 08 	l.j 12404 <ccu_get_sclk_freq+0x3c>
   123e8:	18 60 00 01 	l.movhi r3,0x1
   123ec:	18 60 00 01 	l.movhi r3,0x1
   123f0:	a8 63 37 d8 	l.ori r3,r3,0x37d8
   123f4:	84 63 00 00 	l.lwz r3,0x0(r3)
   123f8:	84 63 00 00 	l.lwz r3,0x0(r3)
   123fc:	00 00 00 06 	l.j 12414 <ccu_get_sclk_freq+0x4c>
   12400:	b8 63 00 58 	l.srli r3,r3,0x18
   12404:	a8 63 37 d8 	l.ori r3,r3,0x37d8
   12408:	84 63 00 00 	l.lwz r3,0x0(r3)
   1240c:	84 63 00 10 	l.lwz r3,0x10(r3)
   12410:	b8 63 00 58 	l.srli r3,r3,0x18
   12414:	a4 63 00 03 	l.andi r3,r3,0x3
   12418:	bc 03 00 02 	l.sfeqi r3,0x2
   1241c:	10 00 00 0c 	l.bf 1244c <ccu_get_sclk_freq+0x84>
   12420:	bc 03 00 03 	l.sfeqi r3,0x3
   12424:	10 00 00 13 	l.bf 12470 <ccu_get_sclk_freq+0xa8>
   12428:	bc 03 00 01 	l.sfeqi r3,0x1
   1242c:	10 00 00 05 	l.bf 12440 <ccu_get_sclk_freq+0x78>
   12430:	15 00 00 00 	l.nop 0x0
   12434:	19 60 01 6e 	l.movhi r11,0x16e
   12438:	00 00 00 10 	l.j 12478 <ccu_get_sclk_freq+0xb0>
   1243c:	a9 6b 36 00 	l.ori r11,r11,0x3600
   12440:	18 60 00 01 	l.movhi r3,0x1
   12444:	00 00 00 04 	l.j 12454 <ccu_get_sclk_freq+0x8c>
   12448:	a8 63 34 2c 	l.ori r3,r3,0x342c
   1244c:	18 60 00 01 	l.movhi r3,0x1
   12450:	a8 63 34 28 	l.ori r3,r3,0x3428
   12454:	00 00 00 09 	l.j 12478 <ccu_get_sclk_freq+0xb0>
   12458:	85 63 00 00 	l.lwz r11,0x0(r3)
   1245c:	9c 60 00 04 	l.addi r3,r0,0x4
   12460:	07 ff de d6 	l.jal 9fb8 <debugger_printf>
   12464:	a8 84 30 a8 	l.ori r4,r4,0x30a8
   12468:	00 00 00 04 	l.j 12478 <ccu_get_sclk_freq+0xb0>
   1246c:	9d 60 00 00 	l.addi r11,r0,0x0
   12470:	19 60 0b eb 	l.movhi r11,0xbeb
   12474:	a9 6b c2 00 	l.ori r11,r11,0xc200
   12478:	9c 21 00 04 	l.addi r1,r1,0x4
   1247c:	85 21 ff fc 	l.lwz r9,0xfffffffc(r1)
   12480:	44 00 48 00 	l.jr r9
   12484:	15 00 00 00 	l.nop 0x0

00012488 <ccu_set_sclk_onoff>:
   12488:	d7 e1 4f fc 	l.sw 0xfffffffc(r1),r9
   1248c:	d7 e1 17 f8 	l.sw 0xfffffff8(r1),r2
   12490:	bc 03 00 14 	l.sfeqi r3,0x14
   12494:	10 00 00 10 	l.bf 124d4 <ccu_set_sclk_onoff+0x4c>
   12498:	9c 21 ff f8 	l.addi r1,r1,0xfffffff8
   1249c:	bc 43 00 14 	l.sfgtui r3,0x14
   124a0:	10 00 00 07 	l.bf 124bc <ccu_set_sclk_onoff+0x34>
   124a4:	bc 03 00 16 	l.sfeqi r3,0x16
   124a8:	bc 03 00 12 	l.sfeqi r3,0x12
   124ac:	0c 00 00 19 	l.bnf 12510 <ccu_set_sclk_onoff+0x88>
   124b0:	18 60 00 01 	l.movhi r3,0x1
   124b4:	00 00 00 0a 	l.j 124dc <ccu_set_sclk_onoff+0x54>
   124b8:	a8 63 37 d4 	l.ori r3,r3,0x37d4
   124bc:	10 00 00 12 	l.bf 12504 <ccu_set_sclk_onoff+0x7c>
   124c0:	bc 03 00 17 	l.sfeqi r3,0x17
   124c4:	0c 00 00 13 	l.bnf 12510 <ccu_set_sclk_onoff+0x88>
   124c8:	18 60 00 01 	l.movhi r3,0x1
   124cc:	00 00 00 04 	l.j 124dc <ccu_set_sclk_onoff+0x54>
   124d0:	a8 63 37 c4 	l.ori r3,r3,0x37c4
   124d4:	18 60 00 01 	l.movhi r3,0x1
   124d8:	a8 63 37 c8 	l.ori r3,r3,0x37c8
   124dc:	84 63 00 00 	l.lwz r3,0x0(r3)
   124e0:	18 40 7f ff 	l.movhi r2,0x7fff
   124e4:	84 a3 00 00 	l.lwz r5,0x0(r3)
   124e8:	a8 42 ff ff 	l.ori r2,r2,0xffff
   124ec:	b8 84 00 1f 	l.slli r4,r4,0x1f
   124f0:	e0 a5 10 03 	l.and r5,r5,r2
   124f4:	e0 85 20 04 	l.or r4,r5,r4
   124f8:	d4 03 20 00 	l.sw 0x0(r3),r4
   124fc:	00 00 00 0a 	l.j 12524 <ccu_set_sclk_onoff+0x9c>
   12500:	9c 21 00 08 	l.addi r1,r1,0x8
   12504:	18 60 00 01 	l.movhi r3,0x1
   12508:	03 ff ff f5 	l.j 124dc <ccu_set_sclk_onoff+0x54>
   1250c:	a8 63 37 d0 	l.ori r3,r3,0x37d0
   12510:	18 80 00 01 	l.movhi r4,0x1
   12514:	9c 60 00 04 	l.addi r3,r0,0x4
   12518:	07 ff de a8 	l.jal 9fb8 <debugger_printf>
   1251c:	a8 84 30 a8 	l.ori r4,r4,0x30a8
   12520:	9c 21 00 08 	l.addi r1,r1,0x8
   12524:	9d 60 00 00 	l.addi r11,r0,0x0
   12528:	85 21 ff fc 	l.lwz r9,0xfffffffc(r1)
   1252c:	44 00 48 00 	l.jr r9
   12530:	84 41 ff f8 	l.lwz r2,0xfffffff8(r1)
